Component: ARM Compiler 5.06 update 6 (build 750) Tool: armlink [4d35ed]

==============================================================================

Section Cross References

    startup_stm32f303xc.o(RESET) refers to startup_stm32f303xc.o(STACK) for __initial_sp
    startup_stm32f303xc.o(RESET) refers to startup_stm32f303xc.o(.text) for Reset_Handler
    startup_stm32f303xc.o(RESET) refers to stm32f3xx_it.o(i.SysTick_Handler) for SysTick_Handler
    startup_stm32f303xc.o(RESET) refers to stm32f3xx_it.o(i.EXTI0_IRQHandler) for EXTI0_IRQHandler
    startup_stm32f303xc.o(RESET) refers to stm32f3xx_it.o(i.EXTI1_IRQHandler) for EXTI1_IRQHandler
    startup_stm32f303xc.o(RESET) refers to stm32f3xx_it.o(i.EXTI2_TSC_IRQHandler) for EXTI2_TSC_IRQHandler
    startup_stm32f303xc.o(RESET) refers to stm32f3xx_it.o(i.EXTI3_IRQHandler) for EXTI3_IRQHandler
    startup_stm32f303xc.o(RESET) refers to stm32f3xx_it.o(i.USART2_IRQHandler) for USART2_IRQHandler
    startup_stm32f303xc.o(.text) refers to system_stm32f3xx.o(i.SystemInit) for SystemInit
    startup_stm32f303xc.o(.text) refers to entry.o(.ARM.Collect$$$$00000000) for __main
    main.o(i.MX_GPIO_Init) refers to stm32f3xx_hal_gpio.o(i.HAL_GPIO_WritePin) for HAL_GPIO_WritePin
    main.o(i.MX_GPIO_Init) refers to stm32f3xx_hal_gpio.o(i.HAL_GPIO_Init) for HAL_GPIO_Init
    main.o(i.MX_GPIO_Init) refers to stm32f3xx_hal_cortex.o(i.HAL_NVIC_SetPriority) for HAL_NVIC_SetPriority
    main.o(i.MX_GPIO_Init) refers to stm32f3xx_hal_cortex.o(i.HAL_NVIC_EnableIRQ) for HAL_NVIC_EnableIRQ
    main.o(i.MX_I2C1_Init) refers to stm32f3xx_hal_i2c.o(i.HAL_I2C_Init) for HAL_I2C_Init
    main.o(i.MX_I2C1_Init) refers to stm32f3xx_hal_i2c_ex.o(i.HAL_I2CEx_ConfigAnalogFilter) for HAL_I2CEx_ConfigAnalogFilter
    main.o(i.MX_I2C1_Init) refers to stm32f3xx_hal_i2c_ex.o(i.HAL_I2CEx_ConfigDigitalFilter) for HAL_I2CEx_ConfigDigitalFilter
    main.o(i.MX_I2C1_Init) refers to main.o(.bss) for .bss
    main.o(i.MX_SPI1_Init) refers to stm32f3xx_hal_spi.o(i.HAL_SPI_Init) for HAL_SPI_Init
    main.o(i.MX_SPI1_Init) refers to main.o(.bss) for .bss
    main.o(i.MX_USART2_UART_Init) refers to stm32f3xx_hal_uart.o(i.HAL_UART_Init) for HAL_UART_Init
    main.o(i.MX_USART2_UART_Init) refers to main.o(.bss) for .bss
    main.o(i.SystemClock_Config) refers to stm32f3xx_hal_rcc.o(i.HAL_RCC_OscConfig) for HAL_RCC_OscConfig
    main.o(i.SystemClock_Config) refers to stm32f3xx_hal_rcc.o(i.HAL_RCC_ClockConfig) for HAL_RCC_ClockConfig
    main.o(i.SystemClock_Config) refers to stm32f3xx_hal_rcc_ex.o(i.HAL_RCCEx_PeriphCLKConfig) for HAL_RCCEx_PeriphCLKConfig
    main.o(i.SystemClock_Config) refers to stm32f3xx_hal_rcc.o(i.HAL_RCC_GetHCLKFreq) for HAL_RCC_GetHCLKFreq
    main.o(i.SystemClock_Config) refers to stm32f3xx_hal_cortex.o(i.HAL_SYSTICK_Config) for HAL_SYSTICK_Config
    main.o(i.SystemClock_Config) refers to stm32f3xx_hal_cortex.o(i.HAL_SYSTICK_CLKSourceConfig) for HAL_SYSTICK_CLKSourceConfig
    main.o(i.SystemClock_Config) refers to stm32f3xx_hal_cortex.o(i.HAL_NVIC_SetPriority) for HAL_NVIC_SetPriority
    main.o(i.main) refers to stm32f3xx_hal.o(i.HAL_Init) for HAL_Init
    main.o(i.main) refers to main.o(i.SystemClock_Config) for SystemClock_Config
    main.o(i.main) refers to main.o(i.MX_GPIO_Init) for MX_GPIO_Init
    main.o(i.main) refers to main.o(i.MX_I2C1_Init) for MX_I2C1_Init
    main.o(i.main) refers to main.o(i.MX_SPI1_Init) for MX_SPI1_Init
    main.o(i.main) refers to stm32f3xx_hal_pcd.o(i.HAL_PCD_Init) for HAL_PCD_Init
    main.o(i.main) refers to main.o(i.MX_USART2_UART_Init) for MX_USART2_UART_Init
    main.o(i.main) refers to stm32f3xx_hal_uart.o(i.HAL_UART_Receive_IT) for HAL_UART_Receive_IT
    main.o(i.main) refers to stm32f3xx_hal_gpio.o(i.HAL_GPIO_WritePin) for HAL_GPIO_WritePin
    main.o(i.main) refers to main.o(.bss) for .bss
    main.o(i.main) refers to main.o(.data) for .data
    stm32f3xx_it.o(i.EXTI0_IRQHandler) refers to stm32f3xx_hal_gpio.o(i.HAL_GPIO_EXTI_IRQHandler) for HAL_GPIO_EXTI_IRQHandler
    stm32f3xx_it.o(i.EXTI0_IRQHandler) refers to stm32f3xx_hal_gpio.o(i.HAL_GPIO_WritePin) for HAL_GPIO_WritePin
    stm32f3xx_it.o(i.EXTI0_IRQHandler) refers to stm32f3xx_hal_gpio.o(i.HAL_GPIO_ReadPin) for HAL_GPIO_ReadPin
    stm32f3xx_it.o(i.EXTI0_IRQHandler) refers to stm32f3xx_hal_gpio.o(i.HAL_GPIO_TogglePin) for HAL_GPIO_TogglePin
    stm32f3xx_it.o(i.EXTI0_IRQHandler) refers to stm32f3xx_hal.o(i.HAL_Delay) for HAL_Delay
    stm32f3xx_it.o(i.EXTI1_IRQHandler) refers to stm32f3xx_hal_gpio.o(i.HAL_GPIO_EXTI_IRQHandler) for HAL_GPIO_EXTI_IRQHandler
    stm32f3xx_it.o(i.EXTI1_IRQHandler) refers to stm32f3xx_hal_gpio.o(i.HAL_GPIO_WritePin) for HAL_GPIO_WritePin
    stm32f3xx_it.o(i.EXTI1_IRQHandler) refers to stm32f3xx_hal_gpio.o(i.HAL_GPIO_ReadPin) for HAL_GPIO_ReadPin
    stm32f3xx_it.o(i.EXTI1_IRQHandler) refers to stm32f3xx_hal_gpio.o(i.HAL_GPIO_TogglePin) for HAL_GPIO_TogglePin
[...]
    stm32f3xx_hal_flash.o(i.HAL_FLASH_Program) refers to stm32f3xx_hal_flash.o(i.FLASH_Program_HalfWord) for FLASH_Program_HalfWord
    stm32f3xx_hal_flash.o(i.HAL_FLASH_Program) refers to stm32f3xx_hal_flash.o(.bss) for .bss
    stm32f3xx_hal_flash.o(i.HAL_FLASH_Program_IT) refers to main.o(i.assert_failed) for assert_failed
    stm32f3xx_hal_flash.o(i.HAL_FLASH_Program_IT) refers to stm32f3xx_hal_flash.o(i.FLASH_Program_HalfWord) for FLASH_Program_HalfWord
    stm32f3xx_hal_flash.o(i.HAL_FLASH_Program_IT) refers to stm32f3xx_hal_flash.o(.bss) for .bss
    stm32f3xx_hal_uart.o(i.HAL_HalfDuplex_Init) refers to main.o(i.assert_failed) for assert_failed
    stm32f3xx_hal_uart.o(i.HAL_HalfDuplex_Init) refers to stm32f3xx_hal_msp.o(i.HAL_UART_MspInit) for HAL_UART_MspInit
    stm32f3xx_hal_uart.o(i.HAL_HalfDuplex_Init) refers to stm32f3xx_hal_uart.o(i.UART_SetConfig) for UART_SetConfig
    stm32f3xx_hal_uart.o(i.HAL_HalfDuplex_Init) refers to stm32f3xx_hal_uart.o(i.UART_AdvFeatureConfig) for UART_AdvFeatureConfig
    stm32f3xx_hal_uart.o(i.HAL_HalfDuplex_Init) refers to stm32f3xx_hal_uart.o(i.UART_CheckIdleState) for UART_CheckIdleState
    stm32f3xx_hal_uart.o(i.HAL_LIN_Init) refers to main.o(i.assert_failed) for assert_failed
    stm32f3xx_hal_uart.o(i.HAL_LIN_Init) refers to stm32f3xx_hal_msp.o(i.HAL_UART_MspInit) for HAL_UART_MspInit
    stm32f3xx_hal_uart.o(i.HAL_LIN_Init) refers to stm32f3xx_hal_uart.o(i.UART_SetConfig) for UART_SetConfig
    stm32f3xx_hal_uart.o(i.HAL_LIN_Init) refers to stm32f3xx_hal_uart.o(i.UART_AdvFeatureConfig) for UART_AdvFeatureConfig
    stm32f3xx_hal_uart.o(i.HAL_LIN_Init) refers to stm32f3xx_hal_uart.o(i.UART_CheckIdleState) for UART_CheckIdleState
    stm32f3xx_hal_uart.o(i.HAL_LIN_SendBreak) refers to main.o(i.assert_failed) for assert_failed
    stm32f3xx_hal_uart.o(i.HAL_MultiProcessor_DisableMuteMode) refers to stm32f3xx_hal_uart.o(i.UART_CheckIdleState) for UART_CheckIdleState
    stm32f3xx_hal_uart.o(i.HAL_MultiProcessor_EnableMuteMode) refers to stm32f3xx_hal_uart.o(i.UART_CheckIdleState) for UART_CheckIdleState
    stm32f3xx_hal_uart.o(i.HAL_MultiProcessor_Init) refers to main.o(i.assert_failed) for assert_failed
    stm32f3xx_hal_uart.o(i.HAL_MultiProcessor_Init) refers to stm32f3xx_hal_msp.o(i.HAL_UART_MspInit) for HAL_UART_MspInit
    stm32f3xx_hal_uart.o(i.HAL_MultiProcessor_Init) refers to stm32f3xx_hal_uart.o(i.UART_SetConfig) for UART_SetConfig
    stm32f3xx_hal_uart.o(i.HAL_MultiProcessor_Init) refers to stm32f3xx_hal_uart.o(i.UART_AdvFeatureConfig) for UART_AdvFeatureConfig
    stm32f3xx_hal_uart.o(i.HAL_MultiProcessor_Init) refers to stm32f3xx_hal_uart.o(i.UART_CheckIdleState) for UART_CheckIdleState
    stm32f3xx_hal_uart.o(i.HAL_UART_Abort) refers to stm32f3xx_hal_dma.o(i.HAL_DMA_Abort) for HAL_DMA_Abort
    stm32f3xx_hal_uart.o(i.HAL_UART_AbortReceive) refers to stm32f3xx_hal_dma.o(i.HAL_DMA_Abort) for HAL_DMA_Abort
    stm32f3xx_hal_uart.o(i.HAL_UART_AbortReceive_IT) refers to stm32f3xx_hal_dma.o(i.HAL_DMA_Abort_IT) for HAL_DMA_Abort_IT
    stm32f3xx_hal_uart.o(i.HAL_UART_AbortReceive_IT) refers to stm32f3xx_hal_uart.o(i.HAL_UART_AbortReceiveCpltCallback) for HAL_UART_AbortReceiveCpltCallback
    stm32f3xx_hal_uart.o(i.HAL_UART_AbortReceive_IT) refers to stm32f3xx_hal_uart.o(i.UART_DMARxOnlyAbortCallback) for UART_DMARxOnlyAbortCallback
    stm32f3xx_hal_uart.o(i.HAL_UART_AbortTransmit) refers to stm32f3xx_hal_dma.o(i.HAL_DMA_Abort) for HAL_DMA_Abort
    stm32f3xx_hal_uart.o(i.HAL_UART_AbortTransmit_IT) refers to stm32f3xx_hal_dma.o(i.HAL_DMA_Abort_IT) for HAL_DMA_Abort_IT
    stm32f3xx_hal_uart.o(i.HAL_UART_AbortTransmit_IT) refers to stm32f3xx_hal_uart.o(i.HAL_UART_AbortTransmitCpltCallback) for HAL_UART_AbortTransmitCpltCallback
    stm32f3xx_hal_uart.o(i.HAL_UART_AbortTransmit_IT) refers to stm32f3xx_hal_uart.o(i.UART_DMATxOnlyAbortCallback) for UART_DMATxOnlyAbortCallback
    stm32f3xx_hal_uart.o(i.HAL_UART_Abort_IT) refers to stm32f3xx_hal_dma.o(i.HAL_DMA_Abort_IT) for HAL_DMA_Abort_IT
    stm32f3xx_hal_uart.o(i.HAL_UART_Abort_IT) refers to stm32f3xx_hal_uart.o(i.HAL_UART_AbortCpltCallback) for HAL_UART_AbortCpltCallback
    stm32f3xx_hal_uart.o(i.HAL_UART_Abort_IT) refers to stm32f3xx_hal_uart.o(i.UART_DMATxAbortCallback) for UART_DMATxAbortCallback
    stm32f3xx_hal_uart.o(i.HAL_UART_Abort_IT) refers to stm32f3xx_hal_uart.o(i.UART_DMARxAbortCallback) for UART_DMARxAbortCallback
    stm32f3xx_hal_uart.o(i.HAL_UART_DMAStop) refers to stm32f3xx_hal_dma.o(i.HAL_DMA_Abort) for HAL_DMA_Abort
    stm32f3xx_hal_uart.o(i.HAL_UART_DMAStop) refers to stm32f3xx_hal_uart.o(i.UART_EndTxTransfer) for UART_EndTxTransfer
    stm32f3xx_hal_uart.o(i.HAL_UART_DMAStop) refers to stm32f3xx_hal_uart.o(i.UART_EndRxTransfer) for UART_EndRxTransfer
    stm32f3xx_hal_uart.o(i.HAL_UART_DeInit) refers to main.o(i.assert_failed) for assert_failed
    stm32f3xx_hal_uart.o(i.HAL_UART_DeInit) refers to stm32f3xx_hal_msp.o(i.HAL_UART_MspDeInit) for HAL_UART_MspDeInit
    stm32f3xx_hal_uart.o(i.HAL_UART_IRQHandler) refers to stm32f3xx_hal_uart.o(i.UART_Receive_IT) for UART_Receive_IT
    stm32f3xx_hal_uart.o(i.HAL_UART_IRQHandler) refers to stm32f3xx_hal_uart.o(i.UART_EndRxTransfer) for UART_EndRxTransfer
    stm32f3xx_hal_uart.o(i.HAL_UART_IRQHandler) refers to stm32f3xx_hal_dma.o(i.HAL_DMA_Abort_IT) for HAL_DMA_Abort_IT
    stm32f3xx_hal_uart.o(i.HAL_UART_IRQHandler) refers to stm32f3xx_hal_uart.o(i.HAL_UART_ErrorCallback) for HAL_UART_ErrorCallback
    stm32f3xx_hal_uart.o(i.HAL_UART_IRQHandler) refers to stm32f3xx_hal_uart_ex.o(i.HAL_UARTEx_WakeupCallback) for HAL_UARTEx_WakeupCallback
    stm32f3xx_hal_uart.o(i.HAL_UART_IRQHandler) refers to stm32f3xx_hal_uart.o(i.UART_Transmit_IT) for UART_Transmit_IT
    stm32f3xx_hal_uart.o(i.HAL_UART_IRQHandler) refers to stm32f3xx_hal_uart.o(i.UART_EndTransmit_IT) for UART_EndTransmit_IT
    stm32f3xx_hal_uart.o(i.HAL_UART_IRQHandler) refers to stm32f3xx_hal_uart.o(i.UART_DMAAbortOnError) for UART_DMAAbortOnError
    stm32f3xx_hal_uart.o(i.HAL_UART_Init) refers to main.o(i.assert_failed) for assert_failed
    stm32f3xx_hal_uart.o(i.HAL_UART_Init) refers to stm32f3xx_hal_msp.o(i.HAL_UART_MspInit) for HAL_UART_MspInit
    stm32f3xx_hal_uart.o(i.HAL_UART_Init) refers to stm32f3xx_hal_uart.o(i.UART_SetConfig) for UART_SetConfig
    stm32f3xx_hal_uart.o(i.HAL_UART_Init) refers to stm32f3xx_hal_uart.o(i.UART_AdvFeatureConfig) for UART_AdvFeatureConfig
    stm32f3xx_hal_uart.o(i.HAL_UART_Init) refers to stm32f3xx_hal_uart.o(i.UART_CheckIdleState) for UART_CheckIdleState
    stm32f3xx_hal_uart.o(i.HAL_UART_Receive) refers to stm32f3xx_hal.o(i.HAL_GetTick) for HAL_GetTick
    stm32f3xx_hal_uart.o(i.HAL_UART_Receive) refers to stm32f3xx_hal_uart.o(i.UART_WaitOnFlagUntilTimeout) for UART_WaitOnFlagUntilTimeout
    stm32f3xx_hal_uart.o(i.HAL_UART_Receive_DMA) refers to stm32f3xx_hal_dma.o(i.HAL_DMA_Start_IT) for HAL_DMA_Start_IT
    stm32f3xx_hal_uart.o(i.HAL_UART_Receive_DMA) refers to stm32f3xx_hal_uart.o(i.UART_DMAReceiveCplt) for UART_DMAReceiveCplt
    stm32f3xx_hal_uart.o(i.HAL_UART_Receive_DMA) refers to stm32f3xx_hal_uart.o(i.UART_DMARxHalfCplt) for UART_DMARxHalfCplt
    stm32f3xx_hal_uart.o(i.HAL_UART_Receive_DMA) refers to stm32f3xx_hal_uart.o(i.UART_DMAError) for UART_DMAError
    stm32f3xx_hal_uart.o(i.HAL_UART_Transmit) refers to stm32f3xx_hal.o(i.HAL_GetTick) for HAL_GetTick
    stm32f3xx_hal_uart.o(i.HAL_UART_Transmit) refers to stm32f3xx_hal_uart.o(i.UART_WaitOnFlagUntilTimeout) for UART_WaitOnFlagUntilTimeout
    stm32f3xx_hal_uart.o(i.HAL_UART_Transmit_DMA) refers to stm32f3xx_hal_dma.o(i.HAL_DMA_Start_IT) for HAL_DMA_Start_IT
    stm32f3xx_hal_uart.o(i.HAL_UART_Transmit_DMA) refers to stm32f3xx_hal_uart.o(i.UART_DMATransmitCplt) for UART_DMATransmitCplt
    stm32f3xx_hal_uart.o(i.HAL_UART_Transmit_DMA) refers to stm32f3xx_hal_uart.o(i.UART_DMATxHalfCplt) for UART_DMATxHalfCplt
    stm32f3xx_hal_uart.o(i.HAL_UART_Transmit_DMA) refers to stm32f3xx_hal_uart.o(i.UART_DMAError) for UART_DMAError
    stm32f3xx_hal_uart.o(i.UART_AdvFeatureConfig) refers to main.o(i.assert_failed) for assert_failed
    stm32f3xx_hal_uart.o(i.UART_CheckIdleState) refers to stm32f3xx_hal.o(i.HAL_GetTick) for HAL_GetTick
    stm32f3xx_hal_uart.o(i.UART_CheckIdleState) refers to stm32f3xx_hal_uart.o(i.UART_WaitOnFlagUntilTimeout) for UART_WaitOnFlagUntilTimeout
    stm32f3xx_hal_uart.o(i.UART_DMAAbortOnError) refers to stm32f3xx_hal_uart.o(i.HAL_UART_ErrorCallback) for HAL_UART_ErrorCallback
    stm32f3xx_hal_uart.o(i.UART_DMAError) refers to stm32f3xx_hal_uart.o(i.UART_EndTxTransfer) for UART_EndTxTransfer
    stm32f3xx_hal_uart.o(i.UART_DMAError) refers to stm32f3xx_hal_uart.o(i.UART_EndRxTransfer) for UART_EndRxTransfer
    stm32f3xx_hal_uart.o(i.UART_DMAError) refers to stm32f3xx_hal_uart.o(i.HAL_UART_ErrorCallback) for HAL_UART_ErrorCallback
    stm32f3xx_hal_uart.o(i.UART_DMAReceiveCplt) refers to stm32f3xx_hal_uart.o(i.HAL_UART_RxCpltCallback) for HAL_UART_RxCpltCallback
    stm32f3xx_hal_uart.o(i.UART_DMARxAbortCallback) refers to stm32f3xx_hal_uart.o(i.HAL_UART_AbortCpltCallback) for HAL_UART_AbortCpltCallback
    stm32f3xx_hal_uart.o(i.UART_DMARxHalfCplt) refers to stm32f3xx_hal_uart.o(i.HAL_UART_RxHalfCpltCallback) for HAL_UART_RxHalfCpltCallback
    stm32f3xx_hal_uart.o(i.UART_DMARxOnlyAbortCallback) refers to stm32f3xx_hal_uart.o(i.HAL_UART_AbortReceiveCpltCallback) for HAL_UART_AbortReceiveCpltCallback
    stm32f3xx_hal_uart.o(i.UART_DMATransmitCplt) refers to stm32f3xx_hal_uart.o(i.HAL_UART_TxCpltCallback) for HAL_UART_TxCpltCallback
    stm32f3xx_hal_uart.o(i.UART_DMATxAbortCallback) refers to stm32f3xx_hal_uart.o(i.HAL_UART_AbortCpltCallback) for HAL_UART_AbortCpltCallback
    stm32f3xx_hal_uart.o(i.UART_DMATxHalfCplt) refers to stm32f3xx_hal_uart.o(i.HAL_UART_TxHalfCpltCallback) for HAL_UART_TxHalfCpltCallback
    stm32f3xx_hal_uart.o(i.UART_DMATxOnlyAbortCallback) refers to stm32f3xx_hal_uart.o(i.HAL_UART_AbortTransmitCpltCallback) for HAL_UART_AbortTransmitCpltCallback
    stm32f3xx_hal_uart.o(i.UART_EndTransmit_IT) refers to stm32f3xx_hal_uart.o(i.HAL_UART_TxCpltCallback) for HAL_UART_TxCpltCallback
    stm32f3xx_hal_uart.o(i.UART_Receive_IT) refers to stm32f3xx_hal_uart.o(i.HAL_UART_RxCpltCallback) for HAL_UART_RxCpltCallback
    stm32f3xx_hal_uart.o(i.UART_SetConfig) refers to main.o(i.assert_failed) for assert_failed
    stm32f3xx_hal_uart.o(i.UART_SetConfig) refers to stm32f3xx_hal_rcc.o(i.HAL_RCC_GetPCLK1Freq) for HAL_RCC_GetPCLK1Freq
    stm32f3xx_hal_uart.o(i.UART_SetConfig) refers to stm32f3xx_hal_rcc.o(i.HAL_RCC_GetPCLK2Freq) for HAL_RCC_GetPCLK2Freq
    stm32f3xx_hal_uart.o(i.UART_SetConfig) refers to stm32f3xx_hal_rcc.o(i.HAL_RCC_GetSysClockFreq) for HAL_RCC_GetSysClockFreq
    stm32f3xx_hal_uart.o(i.UART_WaitOnFlagUntilTimeout) refers to stm32f3xx_hal.o(i.HAL_GetTick) for HAL_GetTick
    stm32f3xx_hal_uart.o(i.UART_Wakeup_AddressConfig) refers to main.o(i.assert_failed) for assert_failed
    stm32f3xx_hal_uart_ex.o(i.HAL_MultiProcessorEx_AddressLength_Set) refers to main.o(i.assert_failed) for assert_failed
    stm32f3xx_hal_uart_ex.o(i.HAL_MultiProcessorEx_AddressLength_Set) refers to stm32f3xx_hal_uart.o(i.UART_CheckIdleState) for UART_CheckIdleState
    stm32f3xx_hal_uart_ex.o(i.HAL_RS485Ex_Init) refers to main.o(i.assert_failed) for assert_failed
    stm32f3xx_hal_uart_ex.o(i.HAL_RS485Ex_Init) refers to stm32f3xx_hal_msp.o(i.HAL_UART_MspInit) for HAL_UART_MspInit
    stm32f3xx_hal_uart_ex.o(i.HAL_RS485Ex_Init) refers to stm32f3xx_hal_uart.o(i.UART_SetConfig) for UART_SetConfig
    stm32f3xx_hal_uart_ex.o(i.HAL_RS485Ex_Init) refers to stm32f3xx_hal_uart.o(i.UART_AdvFeatureConfig) for UART_AdvFeatureConfig
    stm32f3xx_hal_uart_ex.o(i.HAL_RS485Ex_Init) refers to stm32f3xx_hal_uart.o(i.UART_CheckIdleState) for UART_CheckIdleState
    stm32f3xx_hal_uart_ex.o(i.HAL_UARTEx_DisableStopMode) refers to main.o(i.assert_failed) for assert_failed
    stm32f3xx_hal_uart_ex.o(i.HAL_UARTEx_EnableStopMode) refers to main.o(i.assert_failed) for assert_failed
    stm32f3xx_hal_uart_ex.o(i.HAL_UARTEx_StopModeWakeUpSourceConfig) refers to main.o(i.assert_failed) for assert_failed
    stm32f3xx_hal_uart_ex.o(i.HAL_UARTEx_StopModeWakeUpSourceConfig) refers to stm32f3xx_hal_uart.o(i.UART_Wakeup_AddressConfig) for UART_Wakeup_AddressConfig
    stm32f3xx_hal_uart_ex.o(i.HAL_UARTEx_StopModeWakeUpSourceConfig) refers to stm32f3xx_hal.o(i.HAL_GetTick) for HAL_GetTick
    stm32f3xx_hal_uart_ex.o(i.HAL_UARTEx_StopModeWakeUpSourceConfig) refers to stm32f3xx_hal_uart.o(i.UART_WaitOnFlagUntilTimeout) for UART_WaitOnFlagUntilTimeout
    entry.o(.ARM.Collect$$$$00000000) refers (Special) to entry10a.o(.ARM.Collect$$$$0000000D) for __rt_final_cpp
    entry.o(.ARM.Collect$$$$00000000) refers (Special) to entry11a.o(.ARM.Collect$$$$0000000F) for __rt_final_exit
    entry.o(.ARM.Collect$$$$00000000) refers (Special) to entry7b.o(.ARM.Collect$$$$00000008) for _main_clock
    entry.o(.ARM.Collect$$$$00000000) refers (Special) to entry8b.o(.ARM.Collect$$$$0000000A) for _main_cpp_init
    entry.o(.ARM.Collect$$$$00000000) refers (Special) to entry9a.o(.ARM.Collect$$$$0000000B) for _main_init
    entry.o(.ARM.Collect$$$$00000000) refers (Special) to entry5.o(.ARM.Collect$$$$00000004) for _main_scatterload
    entry.o(.ARM.Collect$$$$00000000) refers (Special) to entry2.o(.ARM.Collect$$$$00000001) for _main_stk
    entry2.o(.ARM.Collect$$$$00000001) refers to entry2.o(.ARM.Collect$$$$00002712) for __lit__00000000
    entry2.o(.ARM.Collect$$$$00002712) refers to startup_stm32f303xc.o(STACK) for __initial_sp
    entry2.o(__vectab_stack_and_reset_area) refers to startup_stm32f303xc.o(STACK) for __initial_sp
    entry2.o(__vectab_stack_and_reset_area) refers to entry.o(.ARM.Collect$$$$00000000) for __main
    entry5.o(.ARM.Collect$$$$00000004) refers to init.o(.text) for __scatterload
    entry9a.o(.ARM.Collect$$$$0000000B) refers to main.o(i.main) for main
    entry9b.o(.ARM.Collect$$$$0000000C) refers to main.o(i.main) for main
    init.o(.text) refers to entry5.o(.ARM.Collect$$$$00000004) for __main_after_scatterload


==============================================================================

Removing Unused input sections from the image.

    Removing startup_stm32f303xc.o(HEAP), (512 bytes).
    Removing main.o(.rev16_text), (4 bytes).
    Removing main.o(.revsh_text), (4 bytes).
    Removing main.o(.rrx_text), (6 bytes).
    Removing main.o(i._Error_Handler), (2 bytes).
    Removing stm32f3xx_it.o(.rev16_text), (4 bytes).
    Removing stm32f3xx_it.o(.revsh_text), (4 bytes).
    Removing stm32f3xx_it.o(.rrx_text), (6 bytes).
    Removing stm32f3xx_hal_msp.o(.rev16_text), (4 bytes).
    Removing stm32f3xx_hal_msp.o(.revsh_text), (4 bytes).
    Removing stm32f3xx_hal_msp.o(.rrx_text), (6 bytes).
    Removing stm32f3xx_hal_msp.o(i.HAL_I2C_MspDeInit), (40 bytes).
    Removing stm32f3xx_hal_msp.o(i.HAL_PCD_MspDeInit), (40 bytes).
    Removing stm32f3xx_hal_msp.o(i.HAL_SPI_MspDeInit), (40 bytes).
    Removing stm32f3xx_hal_msp.o(i.HAL_UART_MspDeInit), (52 bytes).
    Removing system_stm32f3xx.o(.rev16_text), (4 bytes).
    Removing system_stm32f3xx.o(.revsh_text), (4 bytes).
    Removing system_stm32f3xx.o(.rrx_text), (6 bytes).
    Removing system_stm32f3xx.o(i.SystemCoreClockUpdate), (112 bytes).
    Removing stm32f3xx_hal_rcc_ex.o(.rev16_text), (4 bytes).
    Removing stm32f3xx_hal_rcc_ex.o(.revsh_text), (4 bytes).
    Removing stm32f3xx_hal_rcc_ex.o(.rrx_text), (6 bytes).
    Removing stm32f3xx_hal_rcc_ex.o(i.HAL_RCCEx_GetPeriphCLKConfig), (188 bytes).
    Removing stm32f3xx_hal_rcc_ex.o(i.HAL_RCCEx_GetPeriphCLKFreq), (640 bytes).
    Removing stm32f3xx_hal_rcc_ex.o(i.RCC_GetPLLCLKFreq), (60 bytes).
    Removing stm32f3xx_hal_rcc_ex.o(.constdata), (32 bytes).
    Removing stm32f3xx_hal_flash_ex.o(.rev16_text), (4 bytes).
    Removing stm32f3xx_hal_flash_ex.o(.revsh_text), (4 bytes).
    Removing stm32f3xx_hal_flash_ex.o(.rrx_text), (6 bytes).
    Removing stm32f3xx_hal_flash_ex.o(i.FLASH_MassErase), (36 bytes).
    Removing stm32f3xx_hal_flash_ex.o(i.FLASH_OB_DisableWRP), (256 bytes).
    Removing stm32f3xx_hal_flash_ex.o(i.FLASH_OB_EnableWRP), (256 bytes).
    Removing stm32f3xx_hal_flash_ex.o(i.FLASH_OB_GetRDP), (32 bytes).
    Removing stm32f3xx_hal_flash_ex.o(i.FLASH_OB_ProgramData), (156 bytes).
    Removing stm32f3xx_hal_flash_ex.o(i.FLASH_OB_RDP_LevelConfig), (180 bytes).
    Removing stm32f3xx_hal_flash_ex.o(i.FLASH_OB_UserConfig), (68 bytes).
    Removing stm32f3xx_hal_flash_ex.o(i.FLASH_PageErase), (36 bytes).
    Removing stm32f3xx_hal_flash_ex.o(i.HAL_FLASHEx_Erase), (380 bytes).
    Removing stm32f3xx_hal_flash_ex.o(i.HAL_FLASHEx_Erase_IT), (324 bytes).
    Removing stm32f3xx_hal_flash_ex.o(i.HAL_FLASHEx_OBErase), (84 bytes).
    Removing stm32f3xx_hal_flash_ex.o(i.HAL_FLASHEx_OBGetConfig), (48 bytes).
    Removing stm32f3xx_hal_flash_ex.o(i.HAL_FLASHEx_OBGetUserData), (48 bytes).
    Removing stm32f3xx_hal_flash_ex.o(i.HAL_FLASHEx_OBProgram), (224 bytes).
    Removing stm32f3xx_hal_tim_ex.o(.rev16_text), (4 bytes).
    Removing stm32f3xx_hal_tim_ex.o(.revsh_text), (4 bytes).
    Removing stm32f3xx_hal_tim_ex.o(.rrx_text), (6 bytes).
    Removing stm32f3xx_hal.o(.rev16_text), (4 bytes).
    Removing stm32f3xx_hal.o(.revsh_text), (4 bytes).
    Removing stm32f3xx_hal.o(.rrx_text), (6 bytes).
    Removing stm32f3xx_hal.o(i.HAL_DBGMCU_DisableDBGSleepMode), (16 bytes).
    Removing stm32f3xx_hal.o(i.HAL_DBGMCU_DisableDBGStandbyMode), (16 bytes).
    Removing stm32f3xx_hal.o(i.HAL_DBGMCU_DisableDBGStopMode), (16 bytes).
    Removing stm32f3xx_hal.o(i.HAL_DBGMCU_EnableDBGSleepMode), (16 bytes).
    Removing stm32f3xx_hal.o(i.HAL_DBGMCU_EnableDBGStandbyMode), (16 bytes).
    Removing stm32f3xx_hal.o(i.HAL_DBGMCU_EnableDBGStopMode), (16 bytes).
    Removing stm32f3xx_hal.o(i.HAL_DeInit), (36 bytes).
    Removing stm32f3xx_hal.o(i.HAL_GetDEVID), (16 bytes).
    Removing stm32f3xx_hal.o(i.HAL_GetHalVersion), (8 bytes).
    Removing stm32f3xx_hal.o(i.HAL_GetREVID), (12 bytes).
    Removing stm32f3xx_hal.o(i.HAL_GetTickFreq), (12 bytes).
    Removing stm32f3xx_hal.o(i.HAL_GetTickPrio), (12 bytes).
    Removing stm32f3xx_hal.o(i.HAL_GetUIDw0), (12 bytes).
    Removing stm32f3xx_hal.o(i.HAL_GetUIDw1), (12 bytes).
    Removing stm32f3xx_hal.o(i.HAL_GetUIDw2), (12 bytes).
    Removing stm32f3xx_hal.o(i.HAL_MspDeInit), (2 bytes).
    Removing stm32f3xx_hal.o(i.HAL_MspInit), (2 bytes).
    Removing stm32f3xx_hal.o(i.HAL_ResumeTick), (14 bytes).
    Removing stm32f3xx_hal.o(i.HAL_SetTickFreq), (108 bytes).
    Removing stm32f3xx_hal.o(i.HAL_SuspendTick), (14 bytes).
    Removing stm32f3xx_hal_dma.o(.rev16_text), (4 bytes).
    Removing stm32f3xx_hal_dma.o(.revsh_text), (4 bytes).
    Removing stm32f3xx_hal_dma.o(.rrx_text), (6 bytes).
    Removing stm32f3xx_hal_dma.o(i.DMA_CalcBaseAndBitshift), (60 bytes).
    Removing stm32f3xx_hal_dma.o(i.DMA_SetConfig), (42 bytes).
    Removing stm32f3xx_hal_dma.o(i.HAL_DMA_Abort), (48 bytes).
    Removing stm32f3xx_hal_dma.o(i.HAL_DMA_DeInit), (236 bytes).
    Removing stm32f3xx_hal_dma.o(i.HAL_DMA_GetError), (4 bytes).
    Removing stm32f3xx_hal_dma.o(i.HAL_DMA_GetState), (6 bytes).
    Removing stm32f3xx_hal_dma.o(i.HAL_DMA_IRQHandler), (168 bytes).
    Removing stm32f3xx_hal_dma.o(i.HAL_DMA_Init), (404 bytes).
    Removing stm32f3xx_hal_dma.o(i.HAL_DMA_PollForTransfer), (206 bytes).
    Removing stm32f3xx_hal_dma.o(i.HAL_DMA_RegisterCallback), (74 bytes).
    Removing stm32f3xx_hal_dma.o(i.HAL_DMA_Start), (172 bytes).
    Removing stm32f3xx_hal_dma.o(i.HAL_DMA_Start_IT), (204 bytes).
    Removing stm32f3xx_hal_dma.o(i.HAL_DMA_UnRegisterCallback), (82 bytes).
    Removing stm32f3xx_hal_gpio.o(.rev16_text), (4 bytes).
    Removing stm32f3xx_hal_gpio.o(.revsh_text), (4 bytes).
    Removing stm32f3xx_hal_gpio.o(.rrx_text), (6 bytes).
    Removing stm32f3xx_hal_gpio.o(i.HAL_GPIO_DeInit), (392 bytes).
    Removing stm32f3xx_hal_gpio.o(i.HAL_GPIO_LockPin), (152 bytes).
    Removing stm32f3xx_hal_pcd.o(.rev16_text), (4 bytes).
    Removing stm32f3xx_hal_pcd.o(.revsh_text), (4 bytes).
    Removing stm32f3xx_hal_pcd.o(.rrx_text), (6 bytes).
    Removing stm32f3xx_hal_pcd.o(i.HAL_PCD_ActivateRemoteWakeup), (16 bytes).
    Removing stm32f3xx_hal_pcd.o(i.HAL_PCD_ConnectCallback), (2 bytes).
    Removing stm32f3xx_hal_pcd.o(i.HAL_PCD_DataInStageCallback), (2 bytes).
    Removing stm32f3xx_hal_pcd.o(i.HAL_PCD_DataOutStageCallback), (2 bytes).
    Removing stm32f3xx_hal_pcd.o(i.HAL_PCD_DeActivateRemoteWakeup), (16 bytes).
    Removing stm32f3xx_hal_pcd.o(i.HAL_PCD_DeInit), (36 bytes).
    Removing stm32f3xx_hal_pcd.o(i.HAL_PCD_DevConnect), (38 bytes).
    Removing stm32f3xx_hal_pcd.o(i.HAL_PCD_DevDisconnect), (38 bytes).
    Removing stm32f3xx_hal_pcd.o(i.HAL_PCD_DisconnectCallback), (2 bytes).
    Removing stm32f3xx_hal_pcd.o(i.HAL_PCD_EP_Close), (386 bytes).
    Removing stm32f3xx_hal_pcd.o(i.HAL_PCD_EP_ClrStall), (176 bytes).
    Removing stm32f3xx_hal_pcd.o(i.HAL_PCD_EP_Flush), (4 bytes).
    Removing stm32f3xx_hal_pcd.o(i.HAL_PCD_EP_GetRxCount), (20 bytes).
    Removing stm32f3xx_hal_pcd.o(i.HAL_PCD_EP_Open), (762 bytes).
    Removing stm32f3xx_hal_pcd.o(i.HAL_PCD_EP_Receive), (166 bytes).
    Removing stm32f3xx_hal_pcd.o(i.HAL_PCD_EP_SetStall), (138 bytes).
    Removing stm32f3xx_hal_pcd.o(i.HAL_PCD_EP_Transmit), (208 bytes).
    Removing stm32f3xx_hal_pcd.o(i.HAL_PCD_GetState), (6 bytes).
    Removing stm32f3xx_hal_pcd.o(i.HAL_PCD_IRQHandler), (240 bytes).
    Removing stm32f3xx_hal_pcd.o(i.HAL_PCD_ISOINIncompleteCallback), (2 bytes).
    Removing stm32f3xx_hal_pcd.o(i.HAL_PCD_ISOOUTIncompleteCallback), (2 bytes).
    Removing stm32f3xx_hal_pcd.o(i.HAL_PCD_MspDeInit), (2 bytes).
    Removing stm32f3xx_hal_pcd.o(i.HAL_PCD_MspInit), (2 bytes).
    Removing stm32f3xx_hal_pcd.o(i.HAL_PCD_ResetCallback), (2 bytes).
    Removing stm32f3xx_hal_pcd.o(i.HAL_PCD_ResumeCallback), (2 bytes).
    Removing stm32f3xx_hal_pcd.o(i.HAL_PCD_SOFCallback), (2 bytes).
    Removing stm32f3xx_hal_pcd.o(i.HAL_PCD_SetAddress), (44 bytes).
    Removing stm32f3xx_hal_pcd.o(i.HAL_PCD_SetupStageCallback), (2 bytes).
    Removing stm32f3xx_hal_pcd.o(i.HAL_PCD_Start), (12 bytes).
    Removing stm32f3xx_hal_pcd.o(i.HAL_PCD_Stop), (44 bytes).
    Removing stm32f3xx_hal_pcd.o(i.HAL_PCD_SuspendCallback), (2 bytes).
    Removing stm32f3xx_hal_pcd.o(i.PCD_EP_ISR_Handler), (874 bytes).
    Removing stm32f3xx_hal_spi_ex.o(.rev16_text), (4 bytes).
    Removing stm32f3xx_hal_spi_ex.o(.revsh_text), (4 bytes).
    Removing stm32f3xx_hal_spi_ex.o(.rrx_text), (6 bytes).
    Removing stm32f3xx_hal_spi_ex.o(i.HAL_SPIEx_FlushRxFifo), (36 bytes).
    Removing stm32f3xx_hal_i2c_ex.o(.rev16_text), (4 bytes).
    Removing stm32f3xx_hal_i2c_ex.o(.revsh_text), (4 bytes).
    Removing stm32f3xx_hal_i2c_ex.o(.rrx_text), (6 bytes).
    Removing stm32f3xx_hal_i2c_ex.o(i.HAL_I2CEx_DisableFastModePlus), (156 bytes).
    Removing stm32f3xx_hal_i2c_ex.o(i.HAL_I2CEx_DisableWakeUp), (172 bytes).
    Removing stm32f3xx_hal_i2c_ex.o(i.HAL_I2CEx_EnableFastModePlus), (156 bytes).
    Removing stm32f3xx_hal_i2c_ex.o(i.HAL_I2CEx_EnableWakeUp), (172 bytes).
    Removing stm32f3xx_hal_pcd_ex.o(.rev16_text), (4 bytes).
    Removing stm32f3xx_hal_pcd_ex.o(.revsh_text), (4 bytes).
    Removing stm32f3xx_hal_pcd_ex.o(.rrx_text), (6 bytes).
    Removing stm32f3xx_hal_pcd_ex.o(i.HAL_PCDEx_PMAConfig), (60 bytes).
    Removing stm32f3xx_hal_pcd_ex.o(i.HAL_PCDEx_SetConnectionState), (2 bytes).
    Removing stm32f3xx_hal_pcd_ex.o(i.PCD_ReadPMA), (44 bytes).
    Removing stm32f3xx_hal_pcd_ex.o(i.PCD_WritePMA), (38 bytes).
    Removing stm32f3xx_hal_pwr_ex.o(.rev16_text), (4 bytes).
    Removing stm32f3xx_hal_pwr_ex.o(.revsh_text), (4 bytes).
    Removing stm32f3xx_hal_pwr_ex.o(.rrx_text), (6 bytes).
    Removing stm32f3xx_hal_pwr_ex.o(i.HAL_PWR_ConfigPVD), (280 bytes).
    Removing stm32f3xx_hal_pwr_ex.o(i.HAL_PWR_DisablePVD), (16 bytes).
    Removing stm32f3xx_hal_pwr_ex.o(i.HAL_PWR_EnablePVD), (16 bytes).
    Removing stm32f3xx_hal_pwr_ex.o(i.HAL_PWR_PVDCallback), (2 bytes).
    Removing stm32f3xx_hal_pwr_ex.o(i.HAL_PWR_PVD_IRQHandler), (28 bytes).
    Removing stm32f3xx_hal_cortex.o(.rev16_text), (4 bytes).
    Removing stm32f3xx_hal_cortex.o(.revsh_text), (4 bytes).
    Removing stm32f3xx_hal_cortex.o(.rrx_text), (6 bytes).
    Removing stm32f3xx_hal_cortex.o(i.HAL_MPU_ConfigRegion), (480 bytes).
    Removing stm32f3xx_hal_cortex.o(i.HAL_MPU_Disable), (24 bytes).
    Removing stm32f3xx_hal_cortex.o(i.HAL_MPU_Enable), (28 bytes).
    Removing stm32f3xx_hal_cortex.o(i.HAL_NVIC_ClearPendingIRQ), (22 bytes).
    Removing stm32f3xx_hal_cortex.o(i.HAL_NVIC_DisableIRQ), (96 bytes).
    Removing stm32f3xx_hal_cortex.o(i.HAL_NVIC_GetActive), (32 bytes).
    Removing stm32f3xx_hal_cortex.o(i.HAL_NVIC_GetPendingIRQ), (32 bytes).
    Removing stm32f3xx_hal_cortex.o(i.HAL_NVIC_GetPriority), (184 bytes).
    Removing stm32f3xx_hal_cortex.o(i.HAL_NVIC_GetPriorityGrouping), (16 bytes).
    Removing stm32f3xx_hal_cortex.o(i.HAL_NVIC_SetPendingIRQ), (22 bytes).
    Removing stm32f3xx_hal_cortex.o(i.HAL_NVIC_SystemReset), (36 bytes).
    Removing stm32f3xx_hal_rcc.o(.rev16_text), (4 bytes).
    Removing stm32f3xx_hal_rcc.o(.revsh_text), (4 bytes).
    Removing stm32f3xx_hal_rcc.o(.rrx_text), (6 bytes).
    Removing stm32f3xx_hal_rcc.o(i.HAL_RCC_CSSCallback), (2 bytes).
    Removing stm32f3xx_hal_rcc.o(i.HAL_RCC_DeInit), (72 bytes).
    Removing stm32f3xx_hal_rcc.o(i.HAL_RCC_DisableCSS), (28 bytes).
    Removing stm32f3xx_hal_rcc.o(i.HAL_RCC_EnableCSS), (24 bytes).
    Removing stm32f3xx_hal_rcc.o(i.HAL_RCC_GetClockConfig), (148 bytes).
    Removing stm32f3xx_hal_rcc.o(i.HAL_RCC_GetOscConfig), (228 bytes).
    Removing stm32f3xx_hal_rcc.o(i.HAL_RCC_MCOConfig), (204 bytes).
    Removing stm32f3xx_hal_rcc.o(i.HAL_RCC_NMI_IRQHandler), (24 bytes).
    Removing stm32f3xx_hal_pwr.o(.rev16_text), (4 bytes).
    Removing stm32f3xx_hal_pwr.o(.revsh_text), (4 bytes).
    Removing stm32f3xx_hal_pwr.o(.rrx_text), (6 bytes).
    Removing stm32f3xx_hal_pwr.o(i.HAL_PWR_DeInit), (24 bytes).
    Removing stm32f3xx_hal_pwr.o(i.HAL_PWR_DisableBkUpAccess), (16 bytes).
    Removing stm32f3xx_hal_pwr.o(i.HAL_PWR_DisableSEVOnPend), (16 bytes).
    Removing stm32f3xx_hal_pwr.o(i.HAL_PWR_DisableSleepOnExit), (16 bytes).
    Removing stm32f3xx_hal_pwr.o(i.HAL_PWR_DisableWakeUpPin), (104 bytes).
    Removing stm32f3xx_hal_pwr.o(i.HAL_PWR_EnableBkUpAccess), (16 bytes).
    Removing stm32f3xx_hal_pwr.o(i.HAL_PWR_EnableSEVOnPend), (16 bytes).
    Removing stm32f3xx_hal_pwr.o(i.HAL_PWR_EnableSleepOnExit), (16 bytes).
    Removing stm32f3xx_hal_pwr.o(i.HAL_PWR_EnableWakeUpPin), (104 bytes).
    Removing stm32f3xx_hal_pwr.o(i.HAL_PWR_EnterSLEEPMode), (108 bytes).
    Removing stm32f3xx_hal_pwr.o(i.HAL_PWR_EnterSTANDBYMode), (32 bytes).
    Removing stm32f3xx_hal_pwr.o(i.HAL_PWR_EnterSTOPMode), (152 bytes).
    Removing stm32f3xx_hal_spi.o(.rev16_text), (4 bytes).
    Removing stm32f3xx_hal_spi.o(.revsh_text), (4 bytes).
    Removing stm32f3xx_hal_spi.o(.rrx_text), (6 bytes).
    Removing stm32f3xx_hal_spi.o(i.HAL_SPI_Abort), (352 bytes).
    Removing stm32f3xx_hal_spi.o(i.HAL_SPI_AbortCpltCallback), (2 bytes).
    Removing stm32f3xx_hal_spi.o(i.HAL_SPI_Abort_IT), (348 bytes).
    Removing stm32f3xx_hal_spi.o(i.HAL_SPI_DMAPause), (38 bytes).
    Removing stm32f3xx_hal_spi.o(i.HAL_SPI_DMAResume), (38 bytes).
    Removing stm32f3xx_hal_spi.o(i.HAL_SPI_DMAStop), (40 bytes).
    Removing stm32f3xx_hal_spi.o(i.HAL_SPI_DeInit), (144 bytes).
    Removing stm32f3xx_hal_spi.o(i.HAL_SPI_ErrorCallback), (2 bytes).
    Removing stm32f3xx_hal_spi.o(i.HAL_SPI_GetError), (4 bytes).
    Removing stm32f3xx_hal_spi.o(i.HAL_SPI_GetState), (6 bytes).
    Removing stm32f3xx_hal_spi.o(i.HAL_SPI_IRQHandler), (216 bytes).
    Removing stm32f3xx_hal_spi.o(i.HAL_SPI_MspDeInit), (2 bytes).
    Removing stm32f3xx_hal_spi.o(i.HAL_SPI_MspInit), (2 bytes).
    Removing stm32f3xx_hal_spi.o(i.HAL_SPI_Receive), (366 bytes).
    Removing stm32f3xx_hal_spi.o(i.HAL_SPI_Receive_DMA), (444 bytes).
    Removing stm32f3xx_hal_spi.o(i.HAL_SPI_Receive_IT), (192 bytes).
    Removing stm32f3xx_hal_spi.o(i.HAL_SPI_RxCpltCallback), (2 bytes).
    Removing stm32f3xx_hal_spi.o(i.HAL_SPI_RxHalfCpltCallback), (2 bytes).
    Removing stm32f3xx_hal_spi.o(i.HAL_SPI_Transmit), (452 bytes).
    Removing stm32f3xx_hal_spi.o(i.HAL_SPI_TransmitReceive), (644 bytes).
    Removing stm32f3xx_hal_spi.o(i.HAL_SPI_TransmitReceive_DMA), (556 bytes).
    Removing stm32f3xx_hal_spi.o(i.HAL_SPI_TransmitReceive_IT), (288 bytes).
    Removing stm32f3xx_hal_spi.o(i.HAL_SPI_Transmit_DMA), (364 bytes).
    Removing stm32f3xx_hal_spi.o(i.HAL_SPI_Transmit_IT), (232 bytes).
    Removing stm32f3xx_hal_spi.o(i.HAL_SPI_TxCpltCallback), (2 bytes).
    Removing stm32f3xx_hal_spi.o(i.HAL_SPI_TxHalfCpltCallback), (2 bytes).
    Removing stm32f3xx_hal_spi.o(i.HAL_SPI_TxRxCpltCallback), (2 bytes).
    Removing stm32f3xx_hal_spi.o(i.HAL_SPI_TxRxHalfCpltCallback), (2 bytes).
    Removing stm32f3xx_hal_spi.o(i.SPI_2linesRxISR_16BIT), (54 bytes).
    Removing stm32f3xx_hal_spi.o(i.SPI_2linesRxISR_8BIT), (100 bytes).
    Removing stm32f3xx_hal_spi.o(i.SPI_2linesTxISR_16BIT), (50 bytes).
    Removing stm32f3xx_hal_spi.o(i.SPI_2linesTxISR_8BIT), (70 bytes).
    Removing stm32f3xx_hal_spi.o(i.SPI_AbortRx_ISR), (128 bytes).
    Removing stm32f3xx_hal_spi.o(i.SPI_AbortTx_ISR), (124 bytes).
    Removing stm32f3xx_hal_spi.o(i.SPI_CloseRxTx_ISR), (82 bytes).
    Removing stm32f3xx_hal_spi.o(i.SPI_CloseRx_ISR), (64 bytes).
    Removing stm32f3xx_hal_spi.o(i.SPI_CloseTx_ISR), (76 bytes).
    Removing stm32f3xx_hal_spi.o(i.SPI_DMAAbortOnError), (18 bytes).
    Removing stm32f3xx_hal_spi.o(i.SPI_DMAError), (34 bytes).
    Removing stm32f3xx_hal_spi.o(i.SPI_DMAHalfReceiveCplt), (10 bytes).
    Removing stm32f3xx_hal_spi.o(i.SPI_DMAHalfTransmitCplt), (10 bytes).
    Removing stm32f3xx_hal_spi.o(i.SPI_DMAHalfTransmitReceiveCplt), (10 bytes).
    Removing stm32f3xx_hal_spi.o(i.SPI_DMAReceiveCplt), (86 bytes).
    Removing stm32f3xx_hal_spi.o(i.SPI_DMARxAbortCallback), (128 bytes).
    Removing stm32f3xx_hal_spi.o(i.SPI_DMATransmitCplt), (100 bytes).
    Removing stm32f3xx_hal_spi.o(i.SPI_DMATransmitReceiveCplt), (92 bytes).
    Removing stm32f3xx_hal_spi.o(i.SPI_DMATxAbortCallback), (124 bytes).
    Removing stm32f3xx_hal_spi.o(i.SPI_EndRxTransaction), (116 bytes).
    Removing stm32f3xx_hal_spi.o(i.SPI_EndRxTxTransaction), (72 bytes).
    Removing stm32f3xx_hal_spi.o(i.SPI_RxISR_16BIT), (38 bytes).
    Removing stm32f3xx_hal_spi.o(i.SPI_RxISR_8BIT), (36 bytes).
    Removing stm32f3xx_hal_spi.o(i.SPI_TxISR_16BIT), (32 bytes).
    Removing stm32f3xx_hal_spi.o(i.SPI_TxISR_8BIT), (30 bytes).
    Removing stm32f3xx_hal_spi.o(i.SPI_WaitFifoStateUntilTimeout), (158 bytes).
    Removing stm32f3xx_hal_spi.o(i.SPI_WaitFlagStateUntilTimeout), (148 bytes).
    Removing stm32f3xx_hal_tim.o(.rev16_text), (4 bytes).
    Removing stm32f3xx_hal_tim.o(.revsh_text), (4 bytes).
    Removing stm32f3xx_hal_tim.o(.rrx_text), (6 bytes).
    Removing stm32f3xx_hal_i2c.o(.rev16_text), (4 bytes).
    Removing stm32f3xx_hal_i2c.o(.revsh_text), (4 bytes).
    Removing stm32f3xx_hal_i2c.o(.rrx_text), (6 bytes).
    Removing stm32f3xx_hal_i2c.o(i.HAL_I2C_AbortCpltCallback), (2 bytes).
    Removing stm32f3xx_hal_i2c.o(i.HAL_I2C_AddrCallback), (2 bytes).
    Removing stm32f3xx_hal_i2c.o(i.HAL_I2C_DeInit), (140 bytes).
    Removing stm32f3xx_hal_i2c.o(i.HAL_I2C_DisableListen_IT), (54 bytes).
    Removing stm32f3xx_hal_i2c.o(i.HAL_I2C_ER_IRQHandler), (98 bytes).
    Removing stm32f3xx_hal_i2c.o(i.HAL_I2C_EV_IRQHandler), (16 bytes).
    Removing stm32f3xx_hal_i2c.o(i.HAL_I2C_EnableListen_IT), (40 bytes).
    Removing stm32f3xx_hal_i2c.o(i.HAL_I2C_ErrorCallback), (2 bytes).
    Removing stm32f3xx_hal_i2c.o(i.HAL_I2C_GetError), (4 bytes).
    Removing stm32f3xx_hal_i2c.o(i.HAL_I2C_GetMode), (6 bytes).
    Removing stm32f3xx_hal_i2c.o(i.HAL_I2C_GetState), (6 bytes).
    Removing stm32f3xx_hal_i2c.o(i.HAL_I2C_IsDeviceReady), (288 bytes).
    Removing stm32f3xx_hal_i2c.o(i.HAL_I2C_ListenCpltCallback), (2 bytes).
    Removing stm32f3xx_hal_i2c.o(i.HAL_I2C_MasterRxCpltCallback), (2 bytes).
    Removing stm32f3xx_hal_i2c.o(i.HAL_I2C_MasterTxCpltCallback), (2 bytes).
    Removing stm32f3xx_hal_i2c.o(i.HAL_I2C_Master_Abort_IT), (96 bytes).
    Removing stm32f3xx_hal_i2c.o(i.HAL_I2C_Master_Receive), (304 bytes).
    Removing stm32f3xx_hal_i2c.o(i.HAL_I2C_Master_Receive_DMA), (244 bytes).
    Removing stm32f3xx_hal_i2c.o(i.HAL_I2C_Master_Receive_IT), (136 bytes).
    Removing stm32f3xx_hal_i2c.o(i.HAL_I2C_Master_Sequential_Receive_IT), (224 bytes).
    Removing stm32f3xx_hal_i2c.o(i.HAL_I2C_Master_Sequential_Transmit_IT), (224 bytes).
    Removing stm32f3xx_hal_i2c.o(i.HAL_I2C_Master_Transmit), (300 bytes).
    Removing stm32f3xx_hal_i2c.o(i.HAL_I2C_Master_Transmit_DMA), (248 bytes).
    Removing stm32f3xx_hal_i2c.o(i.HAL_I2C_Master_Transmit_IT), (136 bytes).
    Removing stm32f3xx_hal_i2c.o(i.HAL_I2C_MemRxCpltCallback), (2 bytes).
    Removing stm32f3xx_hal_i2c.o(i.HAL_I2C_MemTxCpltCallback), (2 bytes).
    Removing stm32f3xx_hal_i2c.o(i.HAL_I2C_Mem_Read), (444 bytes).
    Removing stm32f3xx_hal_i2c.o(i.HAL_I2C_Mem_Read_DMA), (340 bytes).
    Removing stm32f3xx_hal_i2c.o(i.HAL_I2C_Mem_Read_IT), (284 bytes).
    Removing stm32f3xx_hal_i2c.o(i.HAL_I2C_Mem_Write), (436 bytes).
    Removing stm32f3xx_hal_i2c.o(i.HAL_I2C_Mem_Write_DMA), (336 bytes).
    Removing stm32f3xx_hal_i2c.o(i.HAL_I2C_Mem_Write_IT), (276 bytes).
    Removing stm32f3xx_hal_i2c.o(i.HAL_I2C_MspDeInit), (2 bytes).
    Removing stm32f3xx_hal_i2c.o(i.HAL_I2C_MspInit), (2 bytes).
    Removing stm32f3xx_hal_i2c.o(i.HAL_I2C_SlaveRxCpltCallback), (2 bytes).
    Removing stm32f3xx_hal_i2c.o(i.HAL_I2C_SlaveTxCpltCallback), (2 bytes).
    Removing stm32f3xx_hal_i2c.o(i.HAL_I2C_Slave_Receive), (314 bytes).
    Removing stm32f3xx_hal_i2c.o(i.HAL_I2C_Slave_Receive_DMA), (164 bytes).
    Removing stm32f3xx_hal_i2c.o(i.HAL_I2C_Slave_Receive_IT), (92 bytes).
    Removing stm32f3xx_hal_i2c.o(i.HAL_I2C_Slave_Sequential_Receive_IT), (232 bytes).
    Removing stm32f3xx_hal_i2c.o(i.HAL_I2C_Slave_Sequential_Transmit_IT), (232 bytes).
    Removing stm32f3xx_hal_i2c.o(i.HAL_I2C_Slave_Transmit), (314 bytes).
    Removing stm32f3xx_hal_i2c.o(i.HAL_I2C_Slave_Transmit_DMA), (156 bytes).
    Removing stm32f3xx_hal_i2c.o(i.HAL_I2C_Slave_Transmit_IT), (92 bytes).
    Removing stm32f3xx_hal_i2c.o(i.I2C_DMAAbort), (50 bytes).
    Removing stm32f3xx_hal_i2c.o(i.I2C_DMAError), (18 bytes).
    Removing stm32f3xx_hal_i2c.o(i.I2C_DMAMasterReceiveCplt), (66 bytes).
    Removing stm32f3xx_hal_i2c.o(i.I2C_DMAMasterTransmitCplt), (66 bytes).
    Removing stm32f3xx_hal_i2c.o(i.I2C_DMASlaveReceiveCplt), (2 bytes).
    Removing stm32f3xx_hal_i2c.o(i.I2C_DMASlaveTransmitCplt), (2 bytes).
    Removing stm32f3xx_hal_i2c.o(i.I2C_Disable_IRQ), (86 bytes).
    Removing stm32f3xx_hal_i2c.o(i.I2C_Enable_IRQ), (96 bytes).
    Removing stm32f3xx_hal_i2c.o(i.I2C_Flush_TXDR), (34 bytes).
    Removing stm32f3xx_hal_i2c.o(i.I2C_ITAddrCplt), (136 bytes).
    Removing stm32f3xx_hal_i2c.o(i.I2C_ITError), (224 bytes).
    Removing stm32f3xx_hal_i2c.o(i.I2C_ITListenCplt), (92 bytes).
    Removing stm32f3xx_hal_i2c.o(i.I2C_ITMasterCplt), (180 bytes).
    Removing stm32f3xx_hal_i2c.o(i.I2C_ITMasterSequentialCplt), (76 bytes).
    Removing stm32f3xx_hal_i2c.o(i.I2C_ITSlaveCplt), (240 bytes).
    Removing stm32f3xx_hal_i2c.o(i.I2C_ITSlaveSequentialCplt), (84 bytes).
    Removing stm32f3xx_hal_i2c.o(i.I2C_IsAcknowledgeFailed), (124 bytes).
    Removing stm32f3xx_hal_i2c.o(i.I2C_Master_ISR_DMA), (196 bytes).
    Removing stm32f3xx_hal_i2c.o(i.I2C_Master_ISR_IT), (288 bytes).
    Removing stm32f3xx_hal_i2c.o(i.I2C_RequestMemoryRead), (112 bytes).
    Removing stm32f3xx_hal_i2c.o(i.I2C_RequestMemoryWrite), (112 bytes).
    Removing stm32f3xx_hal_i2c.o(i.I2C_Slave_ISR_DMA), (106 bytes).
    Removing stm32f3xx_hal_i2c.o(i.I2C_Slave_ISR_IT), (272 bytes).
    Removing stm32f3xx_hal_i2c.o(i.I2C_TransferConfig), (212 bytes).
    Removing stm32f3xx_hal_i2c.o(i.I2C_WaitOnFlagUntilTimeout), (82 bytes).
    Removing stm32f3xx_hal_i2c.o(i.I2C_WaitOnRXNEFlagUntilTimeout), (136 bytes).
    Removing stm32f3xx_hal_i2c.o(i.I2C_WaitOnSTOPFlagUntilTimeout), (78 bytes).
    Removing stm32f3xx_hal_i2c.o(i.I2C_WaitOnTXISFlagUntilTimeout), (82 bytes).
    Removing stm32f3xx_hal_flash.o(.rev16_text), (4 bytes).
    Removing stm32f3xx_hal_flash.o(.revsh_text), (4 bytes).
    Removing stm32f3xx_hal_flash.o(.rrx_text), (6 bytes).
    Removing stm32f3xx_hal_flash.o(i.FLASH_Program_HalfWord), (28 bytes).
    Removing stm32f3xx_hal_flash.o(i.FLASH_SetErrorCode), (52 bytes).
    Removing stm32f3xx_hal_flash.o(i.FLASH_WaitForLastOperation), (80 bytes).
    Removing stm32f3xx_hal_flash.o(i.HAL_FLASH_EndOfOperationCallback), (2 bytes).
    Removing stm32f3xx_hal_flash.o(i.HAL_FLASH_GetError), (12 bytes).
    Removing stm32f3xx_hal_flash.o(i.HAL_FLASH_IRQHandler), (264 bytes).
    Removing stm32f3xx_hal_flash.o(i.HAL_FLASH_Lock), (20 bytes).
    Removing stm32f3xx_hal_flash.o(i.HAL_FLASH_OB_Launch), (24 bytes).
    Removing stm32f3xx_hal_flash.o(i.HAL_FLASH_OB_Lock), (20 bytes).
    Removing stm32f3xx_hal_flash.o(i.HAL_FLASH_OB_Unlock), (36 bytes).
    Removing stm32f3xx_hal_flash.o(i.HAL_FLASH_OperationErrorCallback), (2 bytes).
    Removing stm32f3xx_hal_flash.o(i.HAL_FLASH_Program), (268 bytes).
    Removing stm32f3xx_hal_flash.o(i.HAL_FLASH_Program_IT), (248 bytes).
    Removing stm32f3xx_hal_flash.o(i.HAL_FLASH_Unlock), (40 bytes).
    Removing stm32f3xx_hal_flash.o(.bss), (32 bytes).
    Removing stm32f3xx_hal_uart.o(.rev16_text), (4 bytes).
    Removing stm32f3xx_hal_uart.o(.revsh_text), (4 bytes).
    Removing stm32f3xx_hal_uart.o(.rrx_text), (6 bytes).
    Removing stm32f3xx_hal_uart.o(i.HAL_HalfDuplex_EnableReceiver), (58 bytes).
    Removing stm32f3xx_hal_uart.o(i.HAL_HalfDuplex_EnableTransmitter), (58 bytes).
    Removing stm32f3xx_hal_uart.o(i.HAL_HalfDuplex_Init), (240 bytes).
    Removing stm32f3xx_hal_uart.o(i.HAL_LIN_Init), (280 bytes).
    Removing stm32f3xx_hal_uart.o(i.HAL_LIN_SendBreak), (172 bytes).
    Removing stm32f3xx_hal_uart.o(i.HAL_MultiProcessor_DisableMuteMode), (44 bytes).
    Removing stm32f3xx_hal_uart.o(i.HAL_MultiProcessor_EnableMuteMode), (44 bytes).
    Removing stm32f3xx_hal_uart.o(i.HAL_MultiProcessor_EnterMuteMode), (12 bytes).
    Removing stm32f3xx_hal_uart.o(i.HAL_MultiProcessor_Init), (220 bytes).
    Removing stm32f3xx_hal_uart.o(i.HAL_UART_Abort), (112 bytes).
    Removing stm32f3xx_hal_uart.o(i.HAL_UART_AbortCpltCallback), (2 bytes).
    Removing stm32f3xx_hal_uart.o(i.HAL_UART_AbortReceive), (76 bytes).
    Removing stm32f3xx_hal_uart.o(i.HAL_UART_AbortReceiveCpltCallback), (2 bytes).
    Removing stm32f3xx_hal_uart.o(i.HAL_UART_AbortReceive_IT), (108 bytes).
    Removing stm32f3xx_hal_uart.o(i.HAL_UART_AbortTransmit), (58 bytes).
    Removing stm32f3xx_hal_uart.o(i.HAL_UART_AbortTransmitCpltCallback), (2 bytes).
    Removing stm32f3xx_hal_uart.o(i.HAL_UART_AbortTransmit_IT), (84 bytes).
    Removing stm32f3xx_hal_uart.o(i.HAL_UART_Abort_IT), (180 bytes).
    Removing stm32f3xx_hal_uart.o(i.HAL_UART_DMAPause), (98 bytes).
    Removing stm32f3xx_hal_uart.o(i.HAL_UART_DMAResume), (92 bytes).
    Removing stm32f3xx_hal_uart.o(i.HAL_UART_DMAStop), (84 bytes).
    Removing stm32f3xx_hal_uart.o(i.HAL_UART_DeInit), (188 bytes).
    Removing stm32f3xx_hal_uart.o(i.HAL_UART_GetError), (4 bytes).
    Removing stm32f3xx_hal_uart.o(i.HAL_UART_GetState), (10 bytes).
    Removing stm32f3xx_hal_uart.o(i.HAL_UART_MspDeInit), (2 bytes).
    Removing stm32f3xx_hal_uart.o(i.HAL_UART_MspInit), (2 bytes).
    Removing stm32f3xx_hal_uart.o(i.HAL_UART_Receive), (210 bytes).
    Removing stm32f3xx_hal_uart.o(i.HAL_UART_Receive_DMA), (144 bytes).
    Removing stm32f3xx_hal_uart.o(i.HAL_UART_RxHalfCpltCallback), (2 bytes).
    Removing stm32f3xx_hal_uart.o(i.HAL_UART_Transmit), (180 bytes).
    Removing stm32f3xx_hal_uart.o(i.HAL_UART_Transmit_DMA), (136 bytes).
    Removing stm32f3xx_hal_uart.o(i.HAL_UART_Transmit_IT), (62 bytes).
    Removing stm32f3xx_hal_uart.o(i.HAL_UART_TxHalfCpltCallback), (2 bytes).
    Removing stm32f3xx_hal_uart.o(i.UART_DMAError), (74 bytes).
    Removing stm32f3xx_hal_uart.o(i.UART_DMAReceiveCplt), (62 bytes).
    Removing stm32f3xx_hal_uart.o(i.UART_DMARxAbortCallback), (52 bytes).
    Removing stm32f3xx_hal_uart.o(i.UART_DMARxHalfCplt), (10 bytes).
    Removing stm32f3xx_hal_uart.o(i.UART_DMARxOnlyAbortCallback), (28 bytes).
    Removing stm32f3xx_hal_uart.o(i.UART_DMATransmitCplt), (48 bytes).
    Removing stm32f3xx_hal_uart.o(i.UART_DMATxAbortCallback), (52 bytes).
    Removing stm32f3xx_hal_uart.o(i.UART_DMATxHalfCplt), (10 bytes).
    Removing stm32f3xx_hal_uart.o(i.UART_DMATxOnlyAbortCallback), (22 bytes).
    Removing stm32f3xx_hal_uart.o(i.UART_EndTxTransfer), (18 bytes).
    Removing stm32f3xx_hal_uart.o(i.UART_Wakeup_AddressConfig), (112 bytes).
    Removing stm32f3xx_hal_uart_ex.o(.rev16_text), (4 bytes).
    Removing stm32f3xx_hal_uart_ex.o(.revsh_text), (4 bytes).
    Removing stm32f3xx_hal_uart_ex.o(.rrx_text), (6 bytes).
    Removing stm32f3xx_hal_uart_ex.o(i.HAL_MultiProcessorEx_AddressLength_Set), (136 bytes).
    Removing stm32f3xx_hal_uart_ex.o(i.HAL_RS485Ex_Init), (280 bytes).
    Removing stm32f3xx_hal_uart_ex.o(i.HAL_UARTEx_DisableStopMode), (172 bytes).
    Removing stm32f3xx_hal_uart_ex.o(i.HAL_UARTEx_EnableStopMode), (172 bytes).
    Removing stm32f3xx_hal_uart_ex.o(i.HAL_UARTEx_StopModeWakeUpSourceConfig), (272 bytes).

400 unused section(s) (total 35452 bytes) removed from the image.

==============================================================================

Image Symbol Table

    Local Symbols

    Symbol Name                              Value     Ov Type        Size  Object(Section)

    ../Drivers/STM32F3xx_HAL_Driver/Src/stm32f3xx_hal.c 0x00000000   Number         0  stm32f3xx_hal.o ABSOLUTE
    ../Drivers/STM32F3xx_HAL_Driver/Src/stm32f3xx_hal_cortex.c 0x00000000   Number         0  stm32f3xx_hal_cortex.o ABSOLUTE
    ../Drivers/STM32F3xx_HAL_Driver/Src/stm32f3xx_hal_dma.c 0x00000000   Number         0  stm32f3xx_hal_dma.o ABSOLUTE
    ../Drivers/STM32F3xx_HAL_Driver/Src/stm32f3xx_hal_flash.c 0x00000000   Number         0  stm32f3xx_hal_flash.o ABSOLUTE
    ../Drivers/STM32F3xx_HAL_Driver/Src/stm32f3xx_hal_flash_ex.c 0x00000000   Number         0  stm32f3xx_hal_flash_ex.o ABSOLUTE
    ../Drivers/STM32F3xx_HAL_Driver/Src/stm32f3xx_hal_gpio.c 0x00000000   Number         0  stm32f3xx_hal_gpio.o ABSOLUTE
    ../Drivers/STM32F3xx_HAL_Driver/Src/stm32f3xx_hal_i2c.c 0x00000000   Number         0  stm32f3xx_hal_i2c.o ABSOLUTE
    ../Drivers/STM32F3xx_HAL_Driver/Src/stm32f3xx_hal_i2c_ex.c 0x00000000   Number         0  stm32f3xx_hal_i2c_ex.o ABSOLUTE
    ../Drivers/STM32F3xx_HAL_Driver/Src/stm32f3xx_hal_pcd.c 0x00000000   Number         0  stm32f3xx_hal_pcd.o ABSOLUTE
    ../Drivers/STM32F3xx_HAL_Driver/Src/stm32f3xx_hal_pcd_ex.c 0x00000000   Number         0  stm32f3xx_hal_pcd_ex.o ABSOLUTE
    ../Drivers/STM32F3xx_HAL_Driver/Src/stm32f3xx_hal_pwr.c 0x00000000   Number         0  stm32f3xx_hal_pwr.o ABSOLUTE
    ../Drivers/STM32F3xx_HAL_Driver/Src/stm32f3xx_hal_pwr_ex.c 0x00000000   Number         0  stm32f3xx_hal_pwr_ex.o ABSOLUTE
    ../Drivers/STM32F3xx_HAL_Driver/Src/stm32f3xx_hal_rcc.c 0x00000000   Number         0  stm32f3xx_hal_rcc.o ABSOLUTE
    ../Drivers/STM32F3xx_HAL_Driver/Src/stm32f3xx_hal_rcc_ex.c 0x00000000   Number         0  stm32f3xx_hal_rcc_ex.o ABSOLUTE
    ../Drivers/STM32F3xx_HAL_Driver/Src/stm32f3xx_hal_spi.c 0x00000000   Number         0  stm32f3xx_hal_spi.o ABSOLUTE
    ../Drivers/STM32F3xx_HAL_Driver/Src/stm32f3xx_hal_spi_ex.c 0x00000000   Number         0  stm32f3xx_hal_spi_ex.o ABSOLUTE
    ../Drivers/STM32F3xx_HAL_Driver/Src/stm32f3xx_hal_tim.c 0x00000000   Number         0  stm32f3xx_hal_tim.o ABSOLUTE
    ../Drivers/STM32F3xx_HAL_Driver/Src/stm32f3xx_hal_tim_ex.c 0x00000000   Number         0  stm32f3xx_hal_tim_ex.o ABSOLUTE
    ../Drivers/STM32F3xx_HAL_Driver/Src/stm32f3xx_hal_uart.c 0x00000000   Number         0  stm32f3xx_hal_uart.o ABSOLUTE
    ../Drivers/STM32F3xx_HAL_Driver/Src/stm32f3xx_hal_uart_ex.c 0x00000000   Number         0  stm32f3xx_hal_uart_ex.o ABSOLUTE
    ../Src/main.c                            0x00000000   Number         0  main.o ABSOLUTE
    ../Src/stm32f3xx_hal_msp.c               0x00000000   Number         0  stm32f3xx_hal_msp.o ABSOLUTE
    ../Src/stm32f3xx_it.c                    0x00000000   Number         0  stm32f3xx_it.o ABSOLUTE
    ../Src/system_stm32f3xx.c                0x00000000   Number         0  system_stm32f3xx.o ABSOLUTE
    ../clib/microlib/init/entry.s            0x00000000   Number         0  entry5.o ABSOLUTE
    ../clib/microlib/init/entry.s            0x00000000   Number         0  entry11b.o ABSOLUTE
    ../clib/microlib/init/entry.s            0x00000000   Number         0  entry2.o ABSOLUTE
    ../clib/microlib/init/entry.s            0x00000000   Number         0  entry.o ABSOLUTE
    ../clib/microlib/init/entry.s            0x00000000   Number         0  entry10a.o ABSOLUTE
    ../clib/microlib/init/entry.s            0x00000000   Number         0  entry7a.o ABSOLUTE
    ../clib/microlib/init/entry.s            0x00000000   Number         0  entry9b.o ABSOLUTE
    ../clib/microlib/init/entry.s            0x00000000   Number         0  entry9a.o ABSOLUTE
    ../clib/microlib/init/entry.s            0x00000000   Number         0  entry8b.o ABSOLUTE
    ../clib/microlib/init/entry.s            0x00000000   Number         0  entry8a.o ABSOLUTE
    ../clib/microlib/init/entry.s            0x00000000   Number         0  entry7b.o ABSOLUTE
    ../clib/microlib/init/entry.s            0x00000000   Number         0  entry10b.o ABSOLUTE
    ../clib/microlib/init/entry.s            0x00000000   Number         0  entry11a.o ABSOLUTE
    ../clib/microlib/longlong.c              0x00000000   Number         0  llushr.o ABSOLUTE
    ../clib/microlib/string/memcpy.c         0x00000000   Number         0  memcpyb.o ABSOLUTE
    ../clib/microlib/string/memcpy.c         0x00000000   Number         0  memcpya.o ABSOLUTE
    ..\Drivers\STM32F3xx_HAL_Driver\Src\stm32f3xx_hal.c 0x00000000   Number         0  stm32f3xx_hal.o ABSOLUTE
    ..\Drivers\STM32F3xx_HAL_Driver\Src\stm32f3xx_hal_cortex.c 0x00000000   Number         0  stm32f3xx_hal_cortex.o ABSOLUTE
    ..\Drivers\STM32F3xx_HAL_Driver\Src\stm32f3xx_hal_dma.c 0x00000000   Number         0  stm32f3xx_hal_dma.o ABSOLUTE
    ..\Drivers\STM32F3xx_HAL_Driver\Src\stm32f3xx_hal_flash.c 0x00000000   Number         0  stm32f3xx_hal_flash.o ABSOLUTE
    ..\Drivers\STM32F3xx_HAL_Driver\Src\stm32f3xx_hal_flash_ex.c 0x00000000   Number         0  stm32f3xx_hal_flash_ex.o ABSOLUTE
    ..\Drivers\STM32F3xx_HAL_Driver\Src\stm32f3xx_hal_gpio.c 0x00000000   Number         0  stm32f3xx_hal_gpio.o ABSOLUTE
    ..\Drivers\STM32F3xx_HAL_Driver\Src\stm32f3xx_hal_i2c.c 0x00000000   Number         0  stm32f3xx_hal_i2c.o ABSOLUTE
    ..\Drivers\STM32F3xx_HAL_Driver\Src\stm32f3xx_hal_i2c_ex.c 0x00000000   Number         0  stm32f3xx_hal_i2c_ex.o ABSOLUTE
    ..\Drivers\STM32F3xx_HAL_Driver\Src\stm32f3xx_hal_pcd.c 0x00000000   Number         0  stm32f3xx_hal_pcd.o ABSOLUTE
    ..\Drivers\STM32F3xx_HAL_Driver\Src\stm32f3xx_hal_pcd_ex.c 0x00000000   Number         0  stm32f3xx_hal_pcd_ex.o ABSOLUTE
    ..\Drivers\STM32F3xx_HAL_Driver\Src\stm32f3xx_hal_pwr.c 0x00000000   Number         0  stm32f3xx_hal_pwr.o ABSOLUTE
    ..\Drivers\STM32F3xx_HAL_Driver\Src\stm32f3xx_hal_pwr_ex.c 0x00000000   Number         0  stm32f3xx_hal_pwr_ex.o ABSOLUTE
    ..\Drivers\STM32F3xx_HAL_Driver\Src\stm32f3xx_hal_rcc.c 0x00000000   Number         0  stm32f3xx_hal_rcc.o ABSOLUTE
    ..\Drivers\STM32F3xx_HAL_Driver\Src\stm32f3xx_hal_rcc_ex.c 0x00000000   Number         0  stm32f3xx_hal_rcc_ex.o ABSOLUTE
    ..\Drivers\STM32F3xx_HAL_Driver\Src\stm32f3xx_hal_spi.c 0x00000000   Number         0  stm32f3xx_hal_spi.o ABSOLUTE
    ..\Drivers\STM32F3xx_HAL_Driver\Src\stm32f3xx_hal_spi_ex.c 0x00000000   Number         0  stm32f3xx_hal_spi_ex.o ABSOLUTE
    ..\Drivers\STM32F3xx_HAL_Driver\Src\stm32f3xx_hal_tim.c 0x00000000   Number         0  stm32f3xx_hal_tim.o ABSOLUTE
    ..\Drivers\STM32F3xx_HAL_Driver\Src\stm32f3xx_hal_tim_ex.c 0x00000000   Number         0  stm32f3xx_hal_tim_ex.o ABSOLUTE
    ..\Drivers\STM32F3xx_HAL_Driver\Src\stm32f3xx_hal_uart.c 0x00000000   Number         0  stm32f3xx_hal_uart.o ABSOLUTE
    ..\Drivers\STM32F3xx_HAL_Driver\Src\stm32f3xx_hal_uart_ex.c 0x00000000   Number         0  stm32f3xx_hal_uart_ex.o ABSOLUTE
    ..\Src\main.c                            0x00000000   Number         0  main.o ABSOLUTE
    ..\Src\stm32f3xx_hal_msp.c               0x00000000   Number         0  stm32f3xx_hal_msp.o ABSOLUTE
    ..\Src\stm32f3xx_it.c                    0x00000000   Number         0  stm32f3xx_it.o ABSOLUTE
    ..\Src\system_stm32f3xx.c                0x00000000   Number         0  system_stm32f3xx.o ABSOLUTE
    dc.s                                     0x00000000   Number         0  dc.o ABSOLUTE
    handlers.s                               0x00000000   Number         0  handlers.o ABSOLUTE
    init.s                                   0x00000000   Number         0  init.o ABSOLUTE
    startup_stm32f303xc.s                    0x00000000   Number         0  startup_stm32f303xc.o ABSOLUTE
    RESET                                    0x08000000   Section      392  startup_stm32f303xc.o(RESET)
    .ARM.Collect$$$$00000000                 0x08000188   Section        0  entry.o(.ARM.Collect$$$$00000000)
    .ARM.Collect$$$$00000001                 0x08000188   Section        4  entry2.o(.ARM.Collect$$$$00000001)
    .ARM.Collect$$$$00000004                 0x0800018c   Section        4  entry5.o(.ARM.Collect$$$$00000004)
    .ARM.Collect$$$$00000008                 0x08000190   Section        0  entry7b.o(.ARM.Collect$$$$00000008)
    .ARM.Collect$$$$0000000A                 0x08000190   Section        0  entry8b.o(.ARM.Collect$$$$0000000A)
    .ARM.Collect$$$$0000000B                 0x08000190   Section        8  entry9a.o(.ARM.Collect$$$$0000000B)
    .ARM.Collect$$$$0000000D                 0x08000198   Section        0  entry10a.o(.ARM.Collect$$$$0000000D)
    .ARM.Collect$$$$0000000F                 0x08000198   Section        0  entry11a.o(.ARM.Collect$$$$0000000F)
    .ARM.Collect$$$$00002712                 0x08000198   Section        4  entry2.o(.ARM.Collect$$$$00002712)
    __lit__00000000                          0x08000198   Data           4  entry2.o(.ARM.Collect$$$$00002712)
    .text                                    0x0800019c   Section       36  startup_stm32f303xc.o(.text)
    $v0                                      0x0800019c   Number         0  startup_stm32f303xc.o(.text)
    .text                                    0x080001c0   Section       36  init.o(.text)
    i.EXTI0_IRQHandler                       0x080001e4   Section        0  stm32f3xx_it.o(i.EXTI0_IRQHandler)
    i.EXTI1_IRQHandler                       0x080002fc   Section        0  stm32f3xx_it.o(i.EXTI1_IRQHandler)
    i.EXTI2_TSC_IRQHandler                   0x08000414   Section        0  stm32f3xx_it.o(i.EXTI2_TSC_IRQHandler)
    i.EXTI3_IRQHandler                       0x0800052c   Section        0  stm32f3xx_it.o(i.EXTI3_IRQHandler)
    i.HAL_DMA_Abort_IT                       0x08000644   Section        0  stm32f3xx_hal_dma.o(i.HAL_DMA_Abort_IT)
    i.HAL_Delay                              0x08000690   Section        0  stm32f3xx_hal.o(i.HAL_Delay)
    i.HAL_GPIO_EXTI_Callback                 0x080006b4   Section        0  stm32f3xx_hal_gpio.o(i.HAL_GPIO_EXTI_Callback)
    i.HAL_GPIO_EXTI_IRQHandler               0x080006b8   Section        0  stm32f3xx_hal_gpio.o(i.HAL_GPIO_EXTI_IRQHandler)
    i.HAL_GPIO_Init                          0x080006d0   Section        0  stm32f3xx_hal_gpio.o(i.HAL_GPIO_Init)
    i.HAL_GPIO_ReadPin                       0x0800098c   Section        0  stm32f3xx_hal_gpio.o(i.HAL_GPIO_ReadPin)
    i.HAL_GPIO_TogglePin                     0x080009e4   Section        0  stm32f3xx_hal_gpio.o(i.HAL_GPIO_TogglePin)
    i.HAL_GPIO_WritePin                      0x08000a3c   Section        0  stm32f3xx_hal_gpio.o(i.HAL_GPIO_WritePin)
    i.HAL_GetTick                            0x08000aa4   Section        0  stm32f3xx_hal.o(i.HAL_GetTick)
    i.HAL_I2CEx_ConfigAnalogFilter           0x08000ab0   Section        0  stm32f3xx_hal_i2c_ex.o(i.HAL_I2CEx_ConfigAnalogFilter)
    i.HAL_I2CEx_ConfigDigitalFilter          0x08000b74   Section        0  stm32f3xx_hal_i2c_ex.o(i.HAL_I2CEx_ConfigDigitalFilter)
    i.HAL_I2C_Init                           0x08000c30   Section        0  stm32f3xx_hal_i2c.o(i.HAL_I2C_Init)
    i.HAL_I2C_MspInit                        0x08000ddc   Section        0  stm32f3xx_hal_msp.o(i.HAL_I2C_MspInit)
    i.HAL_IncTick                            0x08000e28   Section        0  stm32f3xx_hal.o(i.HAL_IncTick)
    i.HAL_Init                               0x08000e38   Section        0  stm32f3xx_hal.o(i.HAL_Init)
    i.HAL_InitTick                           0x08000e5c   Section        0  stm32f3xx_hal.o(i.HAL_InitTick)
    i.HAL_MspInit                            0x08000e9c   Section        0  stm32f3xx_hal_msp.o(i.HAL_MspInit)
    i.HAL_NVIC_EnableIRQ                     0x08000f0c   Section        0  stm32f3xx_hal_cortex.o(i.HAL_NVIC_EnableIRQ)
    i.HAL_NVIC_SetPriority                   0x08000f6c   Section        0  stm32f3xx_hal_cortex.o(i.HAL_NVIC_SetPriority)
    i.HAL_NVIC_SetPriorityGrouping           0x0800100c   Section        0  stm32f3xx_hal_cortex.o(i.HAL_NVIC_SetPriorityGrouping)
    i.HAL_PCD_Init                           0x0800108c   Section        0  stm32f3xx_hal_pcd.o(i.HAL_PCD_Init)
    i.HAL_PCD_MspInit                        0x08001180   Section        0  stm32f3xx_hal_msp.o(i.HAL_PCD_MspInit)
    i.HAL_RCCEx_PeriphCLKConfig              0x080011cc   Section        0  stm32f3xx_hal_rcc_ex.o(i.HAL_RCCEx_PeriphCLKConfig)
    i.HAL_RCC_ClockConfig                    0x08001604   Section        0  stm32f3xx_hal_rcc.o(i.HAL_RCC_ClockConfig)
    i.HAL_RCC_GetHCLKFreq                    0x08001890   Section        0  stm32f3xx_hal_rcc.o(i.HAL_RCC_GetHCLKFreq)
    i.HAL_RCC_GetPCLK1Freq                   0x0800189c   Section        0  stm32f3xx_hal_rcc.o(i.HAL_RCC_GetPCLK1Freq)
    i.HAL_RCC_GetPCLK2Freq                   0x080018cc   Section        0  stm32f3xx_hal_rcc.o(i.HAL_RCC_GetPCLK2Freq)
    i.HAL_RCC_GetSysClockFreq                0x080018fc   Section        0  stm32f3xx_hal_rcc.o(i.HAL_RCC_GetSysClockFreq)
    i.HAL_RCC_OscConfig                      0x08001960   Section        0  stm32f3xx_hal_rcc.o(i.HAL_RCC_OscConfig)
    i.HAL_SPI_Init                           0x08002064   Section        0  stm32f3xx_hal_spi.o(i.HAL_SPI_Init)
    i.HAL_SPI_MspInit                        0x080022a8   Section        0  stm32f3xx_hal_msp.o(i.HAL_SPI_MspInit)
    i.HAL_SYSTICK_CLKSourceConfig            0x080022f0   Section        0  stm32f3xx_hal_cortex.o(i.HAL_SYSTICK_CLKSourceConfig)
    i.HAL_SYSTICK_Callback                   0x08002354   Section        0  stm32f3xx_hal_cortex.o(i.HAL_SYSTICK_Callback)
    i.HAL_SYSTICK_Config                     0x08002356   Section        0  stm32f3xx_hal_cortex.o(i.HAL_SYSTICK_Config)
    i.HAL_SYSTICK_IRQHandler                 0x0800237e   Section        0  stm32f3xx_hal_cortex.o(i.HAL_SYSTICK_IRQHandler)
    i.HAL_UARTEx_WakeupCallback              0x08002386   Section        0  stm32f3xx_hal_uart_ex.o(i.HAL_UARTEx_WakeupCallback)
    i.HAL_UART_ErrorCallback                 0x08002388   Section        0  stm32f3xx_hal_uart.o(i.HAL_UART_ErrorCallback)
    i.HAL_UART_IRQHandler                    0x0800238c   Section        0  stm32f3xx_hal_uart.o(i.HAL_UART_IRQHandler)
    i.HAL_UART_Init                          0x080024cc   Section        0  stm32f3xx_hal_uart.o(i.HAL_UART_Init)
    i.HAL_UART_MspInit                       0x080025c8   Section        0  stm32f3xx_hal_msp.o(i.HAL_UART_MspInit)
    i.HAL_UART_Receive_IT                    0x08002620   Section        0  stm32f3xx_hal_uart.o(i.HAL_UART_Receive_IT)
    i.HAL_UART_RxCpltCallback                0x0800269a   Section        0  stm32f3xx_hal_uart.o(i.HAL_UART_RxCpltCallback)
    i.HAL_UART_TxCpltCallback                0x0800269c   Section        0  stm32f3xx_hal_uart.o(i.HAL_UART_TxCpltCallback)
    i.MX_GPIO_Init                           0x080026a0   Section        0  main.o(i.MX_GPIO_Init)
    MX_GPIO_Init                             0x080026a1   Thumb Code   412  main.o(i.MX_GPIO_Init)
    i.MX_I2C1_Init                           0x0800285c   Section        0  main.o(i.MX_I2C1_Init)
    MX_I2C1_Init                             0x0800285d   Thumb Code    66  main.o(i.MX_I2C1_Init)
    i.MX_SPI1_Init                           0x080028ac   Section        0  main.o(i.MX_SPI1_Init)
    MX_SPI1_Init                             0x080028ad   Thumb Code    64  main.o(i.MX_SPI1_Init)
    i.MX_USART2_UART_Init                    0x080028f4   Section        0  main.o(i.MX_USART2_UART_Init)
    MX_USART2_UART_Init                      0x080028f5   Thumb Code    46  main.o(i.MX_USART2_UART_Init)
    i.NVIC_SetPriority                       0x0800292c   Section        0  stm32f3xx_hal_cortex.o(i.NVIC_SetPriority)
    NVIC_SetPriority                         0x0800292d   Thumb Code    32  stm32f3xx_hal_cortex.o(i.NVIC_SetPriority)
    i.SysTick_Handler                        0x0800294c   Section        0  stm32f3xx_it.o(i.SysTick_Handler)
    i.SystemClock_Config                     0x0800295c   Section        0  main.o(i.SystemClock_Config)
    i.SystemInit                             0x080029e8   Section        0  system_stm32f3xx.o(i.SystemInit)
    i.UART_AdvFeatureConfig                  0x08002a50   Section        0  stm32f3xx_hal_uart.o(i.UART_AdvFeatureConfig)
    i.UART_CheckIdleState                    0x08002c54   Section        0  stm32f3xx_hal_uart.o(i.UART_CheckIdleState)
    i.UART_DMAAbortOnError                   0x08002cb0   Section        0  stm32f3xx_hal_uart.o(i.UART_DMAAbortOnError)
    UART_DMAAbortOnError                     0x08002cb1   Thumb Code    20  stm32f3xx_hal_uart.o(i.UART_DMAAbortOnError)
    i.UART_EndRxTransfer                     0x08002cc4   Section        0  stm32f3xx_hal_uart.o(i.UART_EndRxTransfer)
    UART_EndRxTransfer                       0x08002cc5   Thumb Code    28  stm32f3xx_hal_uart.o(i.UART_EndRxTransfer)
    i.UART_EndTransmit_IT                    0x08002ce0   Section        0  stm32f3xx_hal_uart.o(i.UART_EndTransmit_IT)
    i.UART_Receive_IT                        0x08002cfa   Section        0  stm32f3xx_hal_uart.o(i.UART_Receive_IT)
    i.UART_SetConfig                         0x08002d70   Section        0  stm32f3xx_hal_uart.o(i.UART_SetConfig)
    i.UART_Transmit_IT                       0x08003044   Section        0  stm32f3xx_hal_uart.o(i.UART_Transmit_IT)
    i.UART_WaitOnFlagUntilTimeout            0x080030a8   Section        0  stm32f3xx_hal_uart.o(i.UART_WaitOnFlagUntilTimeout)
    i.USART2_IRQHandler                      0x0800310c   Section        0  stm32f3xx_it.o(i.USART2_IRQHandler)
    i.__scatterload_copy                     0x0800312c   Section       14  handlers.o(i.__scatterload_copy)
    i.__scatterload_null                     0x0800313a   Section        2  handlers.o(i.__scatterload_null)
    i.__scatterload_zeroinit                 0x0800313c   Section       14  handlers.o(i.__scatterload_zeroinit)
    i.assert_failed                          0x0800314a   Section        0  main.o(i.assert_failed)
    i.main                                   0x0800314c   Section        0  main.o(i.main)
    .constdata                               0x080031cc   Section       16  system_stm32f3xx.o(.constdata)
    .constdata                               0x080031dc   Section        8  system_stm32f3xx.o(.constdata)
    .constdata                               0x080031e4   Section       32  stm32f3xx_hal_rcc.o(.constdata)
    .data                                    0x20000000   Section        1  main.o(.data)
    .data                                    0x20000004   Section        4  system_stm32f3xx.o(.data)
    .data                                    0x20000008   Section       12  stm32f3xx_hal.o(.data)
    .bss                                     0x20000014   Section     1224  main.o(.bss)
    STACK                                    0x200004e0   Section     1024  startup_stm32f303xc.o(STACK)

    Global Symbols

    Symbol Name                              Value     Ov Type        Size  Object(Section)

    BuildAttributes$$THM_ISAv4$E$P$D$K$B$S$7EM$VFPi3$EXTD16$VFPS$VFMA$PE$A:L22UL41UL21$X:L11$S22US41US21$IEEE1$IW$USESV6$~STKCKD$USESV7$~SHL$OSPACE$EBA8$MICROLIB$REQ8$PRES8$EABIv2 0x00000000   Number         0  anon$$obj.o ABSOLUTE
    __ARM_use_no_argv                        0x00000000   Number         0  main.o ABSOLUTE
    __cpp_initialize__aeabi_                  - Undefined Weak Reference
    __cxa_finalize                            - Undefined Weak Reference
    __decompress                              - Undefined Weak Reference
    _clock_init                               - Undefined Weak Reference
    _microlib_exit                            - Undefined Weak Reference
    __Vectors_Size                           0x00000188   Number         0  startup_stm32f303xc.o ABSOLUTE
    __Vectors                                0x08000000   Data           4  startup_stm32f303xc.o(RESET)
    __Vectors_End                            0x08000188   Data           0  startup_stm32f303xc.o(RESET)
    __main                                   0x08000189   Thumb Code     0  entry.o(.ARM.Collect$$$$00000000)
    _main_stk                                0x08000189   Thumb Code     0  entry2.o(.ARM.Collect$$$$00000001)
    _main_scatterload                        0x0800018d   Thumb Code     0  entry5.o(.ARM.Collect$$$$00000004)
    __main_after_scatterload                 0x08000191   Thumb Code     0  entry5.o(.ARM.Collect$$$$00000004)
    _main_clock                              0x08000191   Thumb Code     0  entry7b.o(.ARM.Collect$$$$00000008)
    _main_cpp_init                           0x08000191   Thumb Code     0  entry8b.o(.ARM.Collect$$$$0000000A)
    _main_init                               0x08000191   Thumb Code     0  entry9a.o(.ARM.Collect$$$$0000000B)
    __rt_final_cpp                           0x08000199   Thumb Code     0  entry10a.o(.ARM.Collect$$$$0000000D)
    __rt_final_exit                          0x08000199   Thumb Code     0  entry11a.o(.ARM.Collect$$$$0000000F)
    Reset_Handler                            0x0800019d   Thumb Code     8  startup_stm32f303xc.o(.text)
    NMI_Handler                              0x080001a5   Thumb Code     2  startup_stm32f303xc.o(.text)
    HardFault_Handler                        0x080001a7   Thumb Code     2  startup_stm32f303xc.o(.text)
    MemManage_Handler                        0x080001a9   Thumb Code     2  startup_stm32f303xc.o(.text)
    BusFault_Handler                         0x080001ab   Thumb Code     2  startup_stm32f303xc.o(.text)
    UsageFault_Handler                       0x080001ad   Thumb Code     2  startup_stm32f303xc.o(.text)
    SVC_Handler                              0x080001af   Thumb Code     2  startup_stm32f303xc.o(.text)
    DebugMon_Handler                         0x080001b1   Thumb Code     2  startup_stm32f303xc.o(.text)
    PendSV_Handler                           0x080001b3   Thumb Code     2  startup_stm32f303xc.o(.text)
    ADC1_2_IRQHandler                        0x080001b7   Thumb Code     0  startup_stm32f303xc.o(.text)
    ADC3_IRQHandler                          0x080001b7   Thumb Code     0  startup_stm32f303xc.o(.text)
    ADC4_IRQHandler                          0x080001b7   Thumb Code     0  startup_stm32f303xc.o(.text)
    CAN_RX1_IRQHandler                       0x080001b7   Thumb Code     0  startup_stm32f303xc.o(.text)
    CAN_SCE_IRQHandler                       0x080001b7   Thumb Code     0  startup_stm32f303xc.o(.text)
    COMP1_2_3_IRQHandler                     0x080001b7   Thumb Code     0  startup_stm32f303xc.o(.text)
    COMP4_5_6_IRQHandler                     0x080001b7   Thumb Code     0  startup_stm32f303xc.o(.text)
    COMP7_IRQHandler                         0x080001b7   Thumb Code     0  startup_stm32f303xc.o(.text)
    DMA1_Channel1_IRQHandler                 0x080001b7   Thumb Code     0  startup_stm32f303xc.o(.text)
    DMA1_Channel2_IRQHandler                 0x080001b7   Thumb Code     0  startup_stm32f303xc.o(.text)
    DMA1_Channel3_IRQHandler                 0x080001b7   Thumb Code     0  startup_stm32f303xc.o(.text)
    DMA1_Channel4_IRQHandler                 0x080001b7   Thumb Code     0  startup_stm32f303xc.o(.text)
    DMA1_Channel5_IRQHandler                 0x080001b7   Thumb Code     0  startup_stm32f303xc.o(.text)
    DMA1_Channel6_IRQHandler                 0x080001b7   Thumb Code     0  startup_stm32f303xc.o(.text)
    DMA1_Channel7_IRQHandler                 0x080001b7   Thumb Code     0  startup_stm32f303xc.o(.text)
    DMA2_Channel1_IRQHandler                 0x080001b7   Thumb Code     0  startup_stm32f303xc.o(.text)
    DMA2_Channel2_IRQHandler                 0x080001b7   Thumb Code     0  startup_stm32f303xc.o(.text)
    DMA2_Channel3_IRQHandler                 0x080001b7   Thumb Code     0  startup_stm32f303xc.o(.text)
    DMA2_Channel4_IRQHandler                 0x080001b7   Thumb Code     0  startup_stm32f303xc.o(.text)
    DMA2_Channel5_IRQHandler                 0x080001b7   Thumb Code     0  startup_stm32f303xc.o(.text)
    EXTI15_10_IRQHandler                     0x080001b7   Thumb Code     0  startup_stm32f303xc.o(.text)
    EXTI4_IRQHandler                         0x080001b7   Thumb Code     0  startup_stm32f303xc.o(.text)
    EXTI9_5_IRQHandler                       0x080001b7   Thumb Code     0  startup_stm32f303xc.o(.text)
    FLASH_IRQHandler                         0x080001b7   Thumb Code     0  startup_stm32f303xc.o(.text)
    FPU_IRQHandler                           0x080001b7   Thumb Code     0  startup_stm32f303xc.o(.text)
    I2C1_ER_IRQHandler                       0x080001b7   Thumb Code     0  startup_stm32f303xc.o(.text)
    I2C1_EV_IRQHandler                       0x080001b7   Thumb Code     0  startup_stm32f303xc.o(.text)
    I2C2_ER_IRQHandler                       0x080001b7   Thumb Code     0  startup_stm32f303xc.o(.text)
    I2C2_EV_IRQHandler                       0x080001b7   Thumb Code     0  startup_stm32f303xc.o(.text)
    PVD_IRQHandler                           0x080001b7   Thumb Code     0  startup_stm32f303xc.o(.text)
    RCC_IRQHandler                           0x080001b7   Thumb Code     0  startup_stm32f303xc.o(.text)
    RTC_Alarm_IRQHandler                     0x080001b7   Thumb Code     0  startup_stm32f303xc.o(.text)
    RTC_WKUP_IRQHandler                      0x080001b7   Thumb Code     0  startup_stm32f303xc.o(.text)
    SPI1_IRQHandler                          0x080001b7   Thumb Code     0  startup_stm32f303xc.o(.text)
    SPI2_IRQHandler                          0x080001b7   Thumb Code     0  startup_stm32f303xc.o(.text)
    SPI3_IRQHandler                          0x080001b7   Thumb Code     0  startup_stm32f303xc.o(.text)
    TAMP_STAMP_IRQHandler                    0x080001b7   Thumb Code     0  startup_stm32f303xc.o(.text)
    TIM1_BRK_TIM15_IRQHandler                0x080001b7   Thumb Code     0  startup_stm32f303xc.o(.text)
    TIM1_CC_IRQHandler                       0x080001b7   Thumb Code     0  startup_stm32f303xc.o(.text)
    TIM1_TRG_COM_TIM17_IRQHandler            0x080001b7   Thumb Code     0  startup_stm32f303xc.o(.text)
    TIM1_UP_TIM16_IRQHandler                 0x080001b7   Thumb Code     0  startup_stm32f303xc.o(.text)
    TIM2_IRQHandler                          0x080001b7   Thumb Code     0  startup_stm32f303xc.o(.text)
    TIM3_IRQHandler                          0x080001b7   Thumb Code     0  startup_stm32f303xc.o(.text)
    TIM4_IRQHandler                          0x080001b7   Thumb Code     0  startup_stm32f303xc.o(.text)
    TIM6_DAC_IRQHandler                      0x080001b7   Thumb Code     0  startup_stm32f303xc.o(.text)
    TIM7_IRQHandler                          0x080001b7   Thumb Code     0  startup_stm32f303xc.o(.text)
    TIM8_BRK_IRQHandler                      0x080001b7   Thumb Code     0  startup_stm32f303xc.o(.text)
    TIM8_CC_IRQHandler                       0x080001b7   Thumb Code     0  startup_stm32f303xc.o(.text)
    TIM8_TRG_COM_IRQHandler                  0x080001b7   Thumb Code     0  startup_stm32f303xc.o(.text)
    TIM8_UP_IRQHandler                       0x080001b7   Thumb Code     0  startup_stm32f303xc.o(.text)
    UART4_IRQHandler                         0x080001b7   Thumb Code     0  startup_stm32f303xc.o(.text)
    UART5_IRQHandler                         0x080001b7   Thumb Code     0  startup_stm32f303xc.o(.text)
    USART1_IRQHandler                        0x080001b7   Thumb Code     0  startup_stm32f303xc.o(.text)
    USART3_IRQHandler                        0x080001b7   Thumb Code     0  startup_stm32f303xc.o(.text)
    USBWakeUp_IRQHandler                     0x080001b7   Thumb Code     0  startup_stm32f303xc.o(.text)
    USBWakeUp_RMP_IRQHandler                 0x080001b7   Thumb Code     0  startup_stm32f303xc.o(.text)
    USB_HP_CAN_TX_IRQHandler                 0x080001b7   Thumb Code     0  startup_stm32f303xc.o(.text)
    USB_HP_IRQHandler                        0x080001b7   Thumb Code     0  startup_stm32f303xc.o(.text)
    USB_LP_CAN_RX0_IRQHandler                0x080001b7   Thumb Code     0  startup_stm32f303xc.o(.text)
    USB_LP_IRQHandler                        0x080001b7   Thumb Code     0  startup_stm32f303xc.o(.text)
    WWDG_IRQHandler                          0x080001b7   Thumb Code     0  startup_stm32f303xc.o(.text)
    __scatterload                            0x080001c1   Thumb Code    28  init.o(.text)
    __scatterload_rt2                        0x080001c1   Thumb Code     0  init.o(.text)
    EXTI0_IRQHandler                         0x080001e5   Thumb Code   268  stm32f3xx_it.o(i.EXTI0_IRQHandler)
    EXTI1_IRQHandler                         0x080002fd   Thumb Code   268  stm32f3xx_it.o(i.EXTI1_IRQHandler)
    EXTI2_TSC_IRQHandler                     0x08000415   Thumb Code   268  stm32f3xx_it.o(i.EXTI2_TSC_IRQHandler)
    EXTI3_IRQHandler                         0x0800052d   Thumb Code   268  stm32f3xx_it.o(i.EXTI3_IRQHandler)
    HAL_DMA_Abort_IT                         0x08000645   Thumb Code    74  stm32f3xx_hal_dma.o(i.HAL_DMA_Abort_IT)
    HAL_Delay                                0x08000691   Thumb Code    32  stm32f3xx_hal.o(i.HAL_Delay)
    HAL_GPIO_EXTI_Callback                   0x080006b5   Thumb Code     2  stm32f3xx_hal_gpio.o(i.HAL_GPIO_EXTI_Callback)
    HAL_GPIO_EXTI_IRQHandler                 0x080006b9   Thumb Code    18  stm32f3xx_hal_gpio.o(i.HAL_GPIO_EXTI_IRQHandler)
    HAL_GPIO_Init                            0x080006d1   Thumb Code   584  stm32f3xx_hal_gpio.o(i.HAL_GPIO_Init)
    HAL_GPIO_ReadPin                         0x0800098d   Thumb Code    28  stm32f3xx_hal_gpio.o(i.HAL_GPIO_ReadPin)
    HAL_GPIO_TogglePin                       0x080009e5   Thumb Code    26  stm32f3xx_hal_gpio.o(i.HAL_GPIO_TogglePin)
    HAL_GPIO_WritePin                        0x08000a3d   Thumb Code    44  stm32f3xx_hal_gpio.o(i.HAL_GPIO_WritePin)
    HAL_GetTick                              0x08000aa5   Thumb Code     6  stm32f3xx_hal.o(i.HAL_GetTick)
    HAL_I2CEx_ConfigAnalogFilter             0x08000ab1   Thumb Code   128  stm32f3xx_hal_i2c_ex.o(i.HAL_I2CEx_ConfigAnalogFilter)
    HAL_I2CEx_ConfigDigitalFilter            0x08000b75   Thumb Code   120  stm32f3xx_hal_i2c_ex.o(i.HAL_I2CEx_ConfigDigitalFilter)
    HAL_I2C_Init                             0x08000c31   Thumb Code   358  stm32f3xx_hal_i2c.o(i.HAL_I2C_Init)
    HAL_I2C_MspInit                          0x08000ddd   Thumb Code    62  stm32f3xx_hal_msp.o(i.HAL_I2C_MspInit)
    HAL_IncTick                              0x08000e29   Thumb Code    12  stm32f3xx_hal.o(i.HAL_IncTick)
    HAL_Init                                 0x08000e39   Thumb Code    32  stm32f3xx_hal.o(i.HAL_Init)
    HAL_InitTick                             0x08000e5d   Thumb Code    54  stm32f3xx_hal.o(i.HAL_InitTick)
    HAL_MspInit                              0x08000e9d   Thumb Code   106  stm32f3xx_hal_msp.o(i.HAL_MspInit)
    HAL_NVIC_EnableIRQ                       0x08000f0d   Thumb Code    36  stm32f3xx_hal_cortex.o(i.HAL_NVIC_EnableIRQ)
    HAL_NVIC_SetPriority                     0x08000f6d   Thumb Code    94  stm32f3xx_hal_cortex.o(i.HAL_NVIC_SetPriority)
    HAL_NVIC_SetPriorityGrouping             0x0800100d   Thumb Code    58  stm32f3xx_hal_cortex.o(i.HAL_NVIC_SetPriorityGrouping)
    HAL_PCD_Init                             0x0800108d   Thumb Code   182  stm32f3xx_hal_pcd.o(i.HAL_PCD_Init)
    HAL_PCD_MspInit                          0x08001181   Thumb Code    66  stm32f3xx_hal_msp.o(i.HAL_PCD_MspInit)
    HAL_RCCEx_PeriphCLKConfig                0x080011cd   Thumb Code  1078  stm32f3xx_hal_rcc_ex.o(i.HAL_RCCEx_PeriphCLKConfig)
    HAL_RCC_ClockConfig                      0x08001605   Thumb Code   578  stm32f3xx_hal_rcc.o(i.HAL_RCC_ClockConfig)
    HAL_RCC_GetHCLKFreq                      0x08001891   Thumb Code     6  stm32f3xx_hal_rcc.o(i.HAL_RCC_GetHCLKFreq)
    HAL_RCC_GetPCLK1Freq                     0x0800189d   Thumb Code    34  stm32f3xx_hal_rcc.o(i.HAL_RCC_GetPCLK1Freq)
    HAL_RCC_GetPCLK2Freq                     0x080018cd   Thumb Code    34  stm32f3xx_hal_rcc.o(i.HAL_RCC_GetPCLK2Freq)
    HAL_RCC_GetSysClockFreq                  0x080018fd   Thumb Code    84  stm32f3xx_hal_rcc.o(i.HAL_RCC_GetSysClockFreq)
    HAL_RCC_OscConfig                        0x08001961   Thumb Code  1790  stm32f3xx_hal_rcc.o(i.HAL_RCC_OscConfig)
    HAL_SPI_Init                             0x08002065   Thumb Code   512  stm32f3xx_hal_spi.o(i.HAL_SPI_Init)
    HAL_SPI_MspInit                          0x080022a9   Thumb Code    64  stm32f3xx_hal_msp.o(i.HAL_SPI_MspInit)
    HAL_SYSTICK_CLKSourceConfig              0x080022f1   Thumb Code    40  stm32f3xx_hal_cortex.o(i.HAL_SYSTICK_CLKSourceConfig)
    HAL_SYSTICK_Callback                     0x08002355   Thumb Code     2  stm32f3xx_hal_cortex.o(i.HAL_SYSTICK_Callback)
    HAL_SYSTICK_Config                       0x08002357   Thumb Code    40  stm32f3xx_hal_cortex.o(i.HAL_SYSTICK_Config)
    HAL_SYSTICK_IRQHandler                   0x0800237f   Thumb Code     8  stm32f3xx_hal_cortex.o(i.HAL_SYSTICK_IRQHandler)
    HAL_UARTEx_WakeupCallback                0x08002387   Thumb Code     2  stm32f3xx_hal_uart_ex.o(i.HAL_UARTEx_WakeupCallback)
    HAL_UART_ErrorCallback                   0x08002389   Thumb Code     2  stm32f3xx_hal_uart.o(i.HAL_UART_ErrorCallback)
    HAL_UART_IRQHandler                      0x0800238d   Thumb Code   316  stm32f3xx_hal_uart.o(i.HAL_UART_IRQHandler)
    HAL_UART_Init                            0x080024cd   Thumb Code   170  stm32f3xx_hal_uart.o(i.HAL_UART_Init)
    HAL_UART_MspInit                         0x080025c9   Thumb Code    80  stm32f3xx_hal_msp.o(i.HAL_UART_MspInit)
    HAL_UART_Receive_IT                      0x08002621   Thumb Code   122  stm32f3xx_hal_uart.o(i.HAL_UART_Receive_IT)
    HAL_UART_RxCpltCallback                  0x0800269b   Thumb Code     2  stm32f3xx_hal_uart.o(i.HAL_UART_RxCpltCallback)
    HAL_UART_TxCpltCallback                  0x0800269d   Thumb Code     2  stm32f3xx_hal_uart.o(i.HAL_UART_TxCpltCallback)
    SysTick_Handler                          0x0800294d   Thumb Code    14  stm32f3xx_it.o(i.SysTick_Handler)
    SystemClock_Config                       0x0800295d   Thumb Code   136  main.o(i.SystemClock_Config)
    SystemInit                               0x080029e9   Thumb Code    82  system_stm32f3xx.o(i.SystemInit)
    UART_AdvFeatureConfig                    0x08002a51   Thumb Code   442  stm32f3xx_hal_uart.o(i.UART_AdvFeatureConfig)
    UART_CheckIdleState                      0x08002c55   Thumb Code    92  stm32f3xx_hal_uart.o(i.UART_CheckIdleState)
    UART_EndTransmit_IT                      0x08002ce1   Thumb Code    26  stm32f3xx_hal_uart.o(i.UART_EndTransmit_IT)
    UART_Receive_IT                          0x08002cfb   Thumb Code   118  stm32f3xx_hal_uart.o(i.UART_Receive_IT)
    UART_SetConfig                           0x08002d71   Thumb Code   626  stm32f3xx_hal_uart.o(i.UART_SetConfig)
    UART_Transmit_IT                         0x08003045   Thumb Code   100  stm32f3xx_hal_uart.o(i.UART_Transmit_IT)
    UART_WaitOnFlagUntilTimeout              0x080030a9   Thumb Code   100  stm32f3xx_hal_uart.o(i.UART_WaitOnFlagUntilTimeout)
    USART2_IRQHandler                        0x0800310d   Thumb Code    22  stm32f3xx_it.o(i.USART2_IRQHandler)
    __scatterload_copy                       0x0800312d   Thumb Code    14  handlers.o(i.__scatterload_copy)
    __scatterload_null                       0x0800313b   Thumb Code     2  handlers.o(i.__scatterload_null)
    __scatterload_zeroinit                   0x0800313d   Thumb Code    14  handlers.o(i.__scatterload_zeroinit)
    assert_failed                            0x0800314b   Thumb Code     2  main.o(i.assert_failed)
    main                                     0x0800314d   Thumb Code   112  main.o(i.main)
    AHBPrescTable                            0x080031cc   Data          16  system_stm32f3xx.o(.constdata)
    APBPrescTable                            0x080031dc   Data           8  system_stm32f3xx.o(.constdata)
    aPLLMULFactorTable                       0x080031e4   Data          16  stm32f3xx_hal_rcc.o(.constdata)
    aPredivFactorTable                       0x080031f4   Data          16  stm32f3xx_hal_rcc.o(.constdata)
    Region$$Table$$Base                      0x08003204   Number         0  anon$$obj.o(Region$$Table)
    Region$$Table$$Limit                     0x08003224   Number         0  anon$$obj.o(Region$$Table)
    data                                     0x20000000   Data           1  main.o(.data)
    SystemCoreClock                          0x20000004   Data           4  system_stm32f3xx.o(.data)
    uwTickFreq                               0x20000008   Data           1  stm32f3xx_hal.o(.data)
    uwTickPrio                               0x2000000c   Data           4  stm32f3xx_hal.o(.data)
    uwTick                                   0x20000010   Data           4  stm32f3xx_hal.o(.data)
    hi2c1                                    0x20000014   Data          76  main.o(.bss)
    hspi1                                    0x20000060   Data         100  main.o(.bss)
    huart2                                   0x200000c4   Data         112  main.o(.bss)
    hpcd_USB_FS                              0x20000134   Data         936  main.o(.bss)
    __initial_sp                             0x200008e0   Data           0  startup_stm32f303xc.o(STACK)



==============================================================================

Memory Map of the image

  Image Entry point : 0x08000189

  Load Region LR_IROM1 (Base: 0x08000000, Size: 0x00003238, Max: 0x00040000, ABSOLUTE)

    Execution Region ER_IROM1 (Exec base: 0x08000000, Load base: 0x08000000, Size: 0x00003224, Max: 0x00040000, ABSOLUTE)

    Exec Addr    Load Addr    Size         Type   Attr      Idx    E Section Name        Object

    0x08000000   0x08000000   0x00000188   Data   RO            3    RESET               startup_stm32f303xc.o
    0x08000188   0x08000188   0x00000000   Code   RO         2841  * .ARM.Collect$$$$00000000  mc_w.l(entry.o)
    0x08000188   0x08000188   0x00000004   Code   RO         2850    .ARM.Collect$$$$00000001  mc_w.l(entry2.o)
    0x0800018c   0x0800018c   0x00000004   Code   RO         2853    .ARM.Collect$$$$00000004  mc_w.l(entry5.o)
    0x08000190   0x08000190   0x00000000   Code   RO         2855    .ARM.Collect$$$$00000008  mc_w.l(entry7b.o)
    0x08000190   0x08000190   0x00000000   Code   RO         2857    .ARM.Collect$$$$0000000A  mc_w.l(entry8b.o)
    0x08000190   0x08000190   0x00000008   Code   RO         2858    .ARM.Collect$$$$0000000B  mc_w.l(entry9a.o)
    0x08000198   0x08000198   0x00000000   Code   RO         2860    .ARM.Collect$$$$0000000D  mc_w.l(entry10a.o)
    0x08000198   0x08000198   0x00000000   Code   RO         2862    .ARM.Collect$$$$0000000F  mc_w.l(entry11a.o)
    0x08000198   0x08000198   0x00000004   Code   RO         2851    .ARM.Collect$$$$00002712  mc_w.l(entry2.o)
    0x0800019c   0x0800019c   0x00000024   Code   RO            4    .text               startup_stm32f303xc.o
    0x080001c0   0x080001c0   0x00000024   Code   RO         2864    .text               mc_w.l(init.o)
    0x080001e4   0x080001e4   0x00000118   Code   RO          182    i.EXTI0_IRQHandler  stm32f3xx_it.o
    0x080002fc   0x080002fc   0x00000118   Code   RO          183    i.EXTI1_IRQHandler  stm32f3xx_it.o
    0x08000414   0x08000414   0x00000118   Code   RO          184    i.EXTI2_TSC_IRQHandler  stm32f3xx_it.o
    0x0800052c   0x0800052c   0x00000118   Code   RO          185    i.EXTI3_IRQHandler  stm32f3xx_it.o
    0x08000644   0x08000644   0x0000004a   Code   RO          679    i.HAL_DMA_Abort_IT  stm32f3xx_hal_dma.o
    0x0800068e   0x0800068e   0x00000002   PAD
    0x08000690   0x08000690   0x00000024   Code   RO          512    i.HAL_Delay         stm32f3xx_hal.o
    0x080006b4   0x080006b4   0x00000002   Code   RO          777    i.HAL_GPIO_EXTI_Callback  stm32f3xx_hal_gpio.o
    0x080006b6   0x080006b6   0x00000002   PAD
    0x080006b8   0x080006b8   0x00000018   Code   RO          778    i.HAL_GPIO_EXTI_IRQHandler  stm32f3xx_hal_gpio.o
    0x080006d0   0x080006d0   0x000002bc   Code   RO          779    i.HAL_GPIO_Init     stm32f3xx_hal_gpio.o
    0x0800098c   0x0800098c   0x00000058   Code   RO          781    i.HAL_GPIO_ReadPin  stm32f3xx_hal_gpio.o
    0x080009e4   0x080009e4   0x00000058   Code   RO          782    i.HAL_GPIO_TogglePin  stm32f3xx_hal_gpio.o
    0x08000a3c   0x08000a3c   0x00000068   Code   RO          783    i.HAL_GPIO_WritePin  stm32f3xx_hal_gpio.o
    0x08000aa4   0x08000aa4   0x0000000c   Code   RO          516    i.HAL_GetTick       stm32f3xx_hal.o
    0x08000ab0   0x08000ab0   0x000000c4   Code   RO         1080    i.HAL_I2CEx_ConfigAnalogFilter  stm32f3xx_hal_i2c_ex.o
    0x08000b74   0x08000b74   0x000000bc   Code   RO         1081    i.HAL_I2CEx_ConfigDigitalFilter  stm32f3xx_hal_i2c_ex.o
    0x08000c30   0x08000c30   0x000001ac   Code   RO         1910    i.HAL_I2C_Init      stm32f3xx_hal_i2c.o
    0x08000ddc   0x08000ddc   0x0000004c   Code   RO          241    i.HAL_I2C_MspInit   stm32f3xx_hal_msp.o
    0x08000e28   0x08000e28   0x00000010   Code   RO          522    i.HAL_IncTick       stm32f3xx_hal.o
    0x08000e38   0x08000e38   0x00000024   Code   RO          523    i.HAL_Init          stm32f3xx_hal.o
    0x08000e5c   0x08000e5c   0x00000040   Code   RO          524    i.HAL_InitTick      stm32f3xx_hal.o
    0x08000e9c   0x08000e9c   0x00000070   Code   RO          242    i.HAL_MspInit       stm32f3xx_hal_msp.o
    0x08000f0c   0x08000f0c   0x00000060   Code   RO         1229    i.HAL_NVIC_EnableIRQ  stm32f3xx_hal_cortex.o
    0x08000f6c   0x08000f6c   0x000000a0   Code   RO         1235    i.HAL_NVIC_SetPriority  stm32f3xx_hal_cortex.o
    0x0800100c   0x0800100c   0x00000080   Code   RO         1236    i.HAL_NVIC_SetPriorityGrouping  stm32f3xx_hal_cortex.o
    0x0800108c   0x0800108c   0x000000f4   Code   RO          863    i.HAL_PCD_Init      stm32f3xx_hal_pcd.o
    0x08001180   0x08001180   0x0000004c   Code   RO          244    i.HAL_PCD_MspInit   stm32f3xx_hal_msp.o
    0x080011cc   0x080011cc   0x00000436   Code   RO          352    i.HAL_RCCEx_PeriphCLKConfig  stm32f3xx_hal_rcc_ex.o
    0x08001602   0x08001602   0x00000002   PAD
    0x08001604   0x08001604   0x0000028c   Code   RO         1360    i.HAL_RCC_ClockConfig  stm32f3xx_hal_rcc.o
    0x08001890   0x08001890   0x0000000c   Code   RO         1365    i.HAL_RCC_GetHCLKFreq  stm32f3xx_hal_rcc.o
    0x0800189c   0x0800189c   0x00000030   Code   RO         1367    i.HAL_RCC_GetPCLK1Freq  stm32f3xx_hal_rcc.o
    0x080018cc   0x080018cc   0x00000030   Code   RO         1368    i.HAL_RCC_GetPCLK2Freq  stm32f3xx_hal_rcc.o
    0x080018fc   0x080018fc   0x00000064   Code   RO         1369    i.HAL_RCC_GetSysClockFreq  stm32f3xx_hal_rcc.o
    0x08001960   0x08001960   0x00000704   Code   RO         1372    i.HAL_RCC_OscConfig  stm32f3xx_hal_rcc.o
    0x08002064   0x08002064   0x00000244   Code   RO         1565    i.HAL_SPI_Init      stm32f3xx_hal_spi.o
    0x080022a8   0x080022a8   0x00000048   Code   RO          246    i.HAL_SPI_MspInit   stm32f3xx_hal_msp.o
    0x080022f0   0x080022f0   0x00000064   Code   RO         1238    i.HAL_SYSTICK_CLKSourceConfig  stm32f3xx_hal_cortex.o
    0x08002354   0x08002354   0x00000002   Code   RO         1239    i.HAL_SYSTICK_Callback  stm32f3xx_hal_cortex.o
    0x08002356   0x08002356   0x00000028   Code   RO         1240    i.HAL_SYSTICK_Config  stm32f3xx_hal_cortex.o
    0x0800237e   0x0800237e   0x00000008   Code   RO         1241    i.HAL_SYSTICK_IRQHandler  stm32f3xx_hal_cortex.o
    0x08002386   0x08002386   0x00000002   Code   RO         2795    i.HAL_UARTEx_WakeupCallback  stm32f3xx_hal_uart_ex.o
    0x08002388   0x08002388   0x00000002   Code   RO         2452    i.HAL_UART_ErrorCallback  stm32f3xx_hal_uart.o
    0x0800238a   0x0800238a   0x00000002   PAD
    0x0800238c   0x0800238c   0x00000140   Code   RO         2455    i.HAL_UART_IRQHandler  stm32f3xx_hal_uart.o
    0x080024cc   0x080024cc   0x000000fc   Code   RO         2456    i.HAL_UART_Init     stm32f3xx_hal_uart.o
    0x080025c8   0x080025c8   0x00000058   Code   RO          248    i.HAL_UART_MspInit  stm32f3xx_hal_msp.o
    0x08002620   0x08002620   0x0000007a   Code   RO         2461    i.HAL_UART_Receive_IT  stm32f3xx_hal_uart.o
    0x0800269a   0x0800269a   0x00000002   Code   RO         2462    i.HAL_UART_RxCpltCallback  stm32f3xx_hal_uart.o
    0x0800269c   0x0800269c   0x00000002   Code   RO         2467    i.HAL_UART_TxCpltCallback  stm32f3xx_hal_uart.o
    0x0800269e   0x0800269e   0x00000002   PAD
    0x080026a0   0x080026a0   0x000001bc   Code   RO           13    i.MX_GPIO_Init      main.o
    0x0800285c   0x0800285c   0x00000050   Code   RO           14    i.MX_I2C1_Init      main.o
    0x080028ac   0x080028ac   0x00000048   Code   RO           15    i.MX_SPI1_Init      main.o
    0x080028f4   0x080028f4   0x00000038   Code   RO           16    i.MX_USART2_UART_Init  main.o
    0x0800292c   0x0800292c   0x00000020   Code   RO         1242    i.NVIC_SetPriority  stm32f3xx_hal_cortex.o
    0x0800294c   0x0800294c   0x0000000e   Code   RO          186    i.SysTick_Handler   stm32f3xx_it.o
    0x0800295a   0x0800295a   0x00000002   PAD
    0x0800295c   0x0800295c   0x0000008c   Code   RO           17    i.SystemClock_Config  main.o
    0x080029e8   0x080029e8   0x00000068   Code   RO          313    i.SystemInit        system_stm32f3xx.o
    0x08002a50   0x08002a50   0x00000204   Code   RO         2469    i.UART_AdvFeatureConfig  stm32f3xx_hal_uart.o
    0x08002c54   0x08002c54   0x0000005c   Code   RO         2470    i.UART_CheckIdleState  stm32f3xx_hal_uart.o
    0x08002cb0   0x08002cb0   0x00000014   Code   RO         2471    i.UART_DMAAbortOnError  stm32f3xx_hal_uart.o
    0x08002cc4   0x08002cc4   0x0000001c   Code   RO         2481    i.UART_EndRxTransfer  stm32f3xx_hal_uart.o
    0x08002ce0   0x08002ce0   0x0000001a   Code   RO         2482    i.UART_EndTransmit_IT  stm32f3xx_hal_uart.o
    0x08002cfa   0x08002cfa   0x00000076   Code   RO         2484    i.UART_Receive_IT   stm32f3xx_hal_uart.o
    0x08002d70   0x08002d70   0x000002d4   Code   RO         2485    i.UART_SetConfig    stm32f3xx_hal_uart.o
    0x08003044   0x08003044   0x00000064   Code   RO         2486    i.UART_Transmit_IT  stm32f3xx_hal_uart.o
    0x080030a8   0x080030a8   0x00000064   Code   RO         2487    i.UART_WaitOnFlagUntilTimeout  stm32f3xx_hal_uart.o
    0x0800310c   0x0800310c   0x00000020   Code   RO          187    i.USART2_IRQHandler  stm32f3xx_it.o
    0x0800312c   0x0800312c   0x0000000e   Code   RO         2868    i.__scatterload_copy  mc_w.l(handlers.o)
    0x0800313a   0x0800313a   0x00000002   Code   RO         2869    i.__scatterload_null  mc_w.l(handlers.o)
    0x0800313c   0x0800313c   0x0000000e   Code   RO         2870    i.__scatterload_zeroinit  mc_w.l(handlers.o)
    0x0800314a   0x0800314a   0x00000002   Code   RO           19    i.assert_failed     main.o
    0x0800314c   0x0800314c   0x00000080   Code   RO           20    i.main              main.o
    0x080031cc   0x080031cc   0x00000010   Data   RO          314    .constdata          system_stm32f3xx.o
    0x080031dc   0x080031dc   0x00000008   Data   RO          315    .constdata          system_stm32f3xx.o
    0x080031e4   0x080031e4   0x00000020   Data   RO         1373    .constdata          stm32f3xx_hal_rcc.o
    0x08003204   0x08003204   0x00000020   Data   RO         2866    Region$$Table       anon$$obj.o


    Execution Region RW_IRAM1 (Exec base: 0x20000000, Load base: 0x08003224, Size: 0x000008e0, Max: 0x0000a000, ABSOLUTE)

    Exec Addr    Load Addr    Size         Type   Attr      Idx    E Section Name        Object

    0x20000000   0x08003224   0x00000001   Data   RW           22    .data               main.o
    0x20000001   0x08003225   0x00000003   PAD
    0x20000004   0x08003228   0x00000004   Data   RW          316    .data               system_stm32f3xx.o
    0x20000008   0x0800322c   0x0000000c   Data   RW          530    .data               stm32f3xx_hal.o
    0x20000014        -       0x000004c8   Zero   RW           21    .bss                main.o
    0x200004dc   0x08003238   0x00000004   PAD
    0x200004e0        -       0x00000400   Zero   RW            1    STACK               startup_stm32f303xc.o


==============================================================================

Image component sizes


      Code (inc. data)   RO Data    RW Data    ZI Data      Debug   Object Name

       922         84          0          1       1224     580391   main.o
        36          8        392          0       1024        820   startup_stm32f303xc.o
       164         28          0         12          0       3873   stm32f3xx_hal.o
       566        256          0          0          0      32205   stm32f3xx_hal_cortex.o
        74          0          0          0          0       1051   stm32f3xx_hal_dma.o
      1006        304          0          0          0       4984   stm32f3xx_hal_gpio.o
       428         70          0          0          0       2931   stm32f3xx_hal_i2c.o
       384        136          0          0          0       1979   stm32f3xx_hal_i2c_ex.o
       424         46          0          0          0       3463   stm32f3xx_hal_msp.o
       244         62          0          0          0       1441   stm32f3xx_hal_pcd.o
      2656        198         32          0          0       6308   stm32f3xx_hal_rcc.o
      1078         74          0          0          0       1716   stm32f3xx_hal_rcc_ex.o
       580         68          0          0          0       1319   stm32f3xx_hal_spi.o
      2424        278          0          0          0      12033   stm32f3xx_hal_uart.o
         2          0          0          0          0        900   stm32f3xx_hal_uart_ex.o
      1166         58          0          0          0       3858   stm32f3xx_it.o
       104         22         24          4          0       1115   system_stm32f3xx.o

    ----------------------------------------------------------------------
     12270       1692        480         20       2252     660387   Object Totals
         0          0         32          0          0          0   (incl. Generated)
        12          0          0          3          4          0   (incl. Padding)

    ----------------------------------------------------------------------

      Code (inc. data)   RO Data    RW Data    ZI Data      Debug   Library Member Name

         0          0          0          0          0          0   entry.o
         0          0          0          0          0          0   entry10a.o
         0          0          0          0          0          0   entry11a.o
         8          4          0          0          0          0   entry2.o
         4          0          0          0          0          0   entry5.o
         0          0          0          0          0          0   entry7b.o
         0          0          0          0          0          0   entry8b.o
         8          4          0          0          0          0   entry9a.o
        30          0          0          0          0          0   handlers.o
        36          8          0          0          0         68   init.o

    ----------------------------------------------------------------------
        86         16          0          0          0         68   Library Totals
         0          0          0          0          0          0   (incl. Padding)

    ----------------------------------------------------------------------

      Code (inc. data)   RO Data    RW Data    ZI Data      Debug   Library Name

        86         16          0          0          0         68   mc_w.l

    ----------------------------------------------------------------------
        86         16          0          0          0         68   Library Totals

    ----------------------------------------------------------------------

==============================================================================


      Code (inc. data)   RO Data    RW Data    ZI Data      Debug   

     12356       1708        480         20       2252     654459   Grand Totals
     12356       1708        480         20       2252     654459   ELF Image Totals
     12356       1708        480         20          0          0   ROM Totals

==============================================================================

    Total RO  Size (Code + RO Data)                12836 (  12.54kB)
    Total RW  Size (RW Data + ZI Data)              2272 (   2.22kB)
    Total ROM Size (Code + RO Data + RW Data)      12856 (  12.55kB)

==============================================================================

