<html>
<body>
<pre>
<h1>µVision Build Log</h1>
<h2>Tool Versions:</h2>
IDE-Version: µVision V5.30.0.0
Copyright (C) 2020 ARM Ltd and ARM Germany GmbH. All rights reserved.
License Information: hamed goharshad, fum, LIC=LSN01-CDWFE-63VMB-22W1S-R67JL-2MQC7
 
Tool Versions:
Toolchain:       MDK-ARM Plus  Version: 5.30.0.0
Toolchain Path:  C:\Keil_v5\ARM\ARMCC\Bin
C Compiler:      Armcc.exe V5.06 update 6 (build 750)
Assembler:       Armasm.exe V5.06 update 6 (build 750)
Linker/Locator:  ArmLink.exe V5.06 update 6 (build 750)
Library Manager: ArmAr.exe V5.06 update 6 (build 750)
Hex Converter:   FromElf.exe V5.06 update 6 (build 750)
CPU DLL:         SARMCM3.DLL V5.30.0.0
Dialog DLL:      DCM.DLL V1.17.3.0
Target DLL:      STLink\ST-LINKIII-KEIL_SWO.dll V3.0.7.0
Dialog DLL:      TCM.DLL V1.42.0.0
 
<h2>Project:</h2>
F:\Arm stm32f3\lll\MDK-ARM\lll.uvprojx
Project File Date:  11/11/2020

<h2>Output:</h2>
*** Using Compiler 'V5.06 update 6 (build 750)', folder: 'C:\Keil_v5\ARM\ARMCC\Bin'
Build target 'lll'
compiling main.c...
../Src/main.c(137): warning:  #188-D: enumerated type mixed with another type
  				  HAL_GPIO_WritePin(GPIOE,GPIO_PIN_8,0);
../Src/main.c(138): warning:  #188-D: enumerated type mixed with another type
  				  HAL_GPIO_WritePin(GPIOE,GPIO_PIN_12,0);
../Src/main.c(141): warning:  #188-D: enumerated type mixed with another type
  			       HAL_GPIO_WritePin(GPIOE,GPIO_PIN_15,1);
../Src/main.c(142): warning:  #188-D: enumerated type mixed with another type
  						 HAL_GPIO_WritePin(GPIOE,GPIO_PIN_11,1);
../Src/main.c(144): warning:  #188-D: enumerated type mixed with another type
  			       HAL_GPIO_WritePin(GPIOE,GPIO_PIN_9,1);
../Src/main.c(145): warning:  #188-D: enumerated type mixed with another type
  						 HAL_GPIO_WritePin(GPIOE,GPIO_PIN_13,1);
../Src/main.c(148): warning:  #188-D: enumerated type mixed with another type
  				  HAL_GPIO_WritePin(GPIOE,GPIO_PIN_9,0);
../Src/main.c(149): warning:  #188-D: enumerated type mixed with another type
  				  HAL_GPIO_WritePin(GPIOE,GPIO_PIN_13,0);
../Src/main.c(152): warning:  #188-D: enumerated type mixed with another type
  			       HAL_GPIO_WritePin(GPIOE,GPIO_PIN_8,1);
../Src/main.c(153): warning:  #188-D: enumerated type mixed with another type
  						 HAL_GPIO_WritePin(GPIOE,GPIO_PIN_12,1);
../Src/main.c(155): warning:  #188-D: enumerated type mixed with another type
  			       HAL_GPIO_WritePin(GPIOE,GPIO_PIN_10,1);
../Src/main.c(156): warning:  #188-D: enumerated type mixed with another type
  						 HAL_GPIO_WritePin(GPIOE,GPIO_PIN_14,1);
../Src/main.c(159): warning:  #188-D: enumerated type mixed with another type
  				  HAL_GPIO_WritePin(GPIOE,GPIO_PIN_10,0);
../Src/main.c(160): warning:  #188-D: enumerated type mixed with another type
  				  HAL_GPIO_WritePin(GPIOE,GPIO_PIN_14,0);
../Src/main.c(163): warning:  #188-D: enumerated type mixed with another type
  			       HAL_GPIO_WritePin(GPIOE,GPIO_PIN_9,1);
../Src/main.c(164): warning:  #188-D: enumerated type mixed with another type
  						 HAL_GPIO_WritePin(GPIOE,GPIO_PIN_13,1);
../Src/main.c(166): warning:  #188-D: enumerated type mixed with another type
  			       HAL_GPIO_WritePin(GPIOE,GPIO_PIN_11,1);
../Src/main.c(167): warning:  #188-D: enumerated type mixed with another type
  						 HAL_GPIO_WritePin(GPIOE,GPIO_PIN_15,1);
../Src/main.c(170): warning:  #188-D: enumerated type mixed with another type
  				  HAL_GPIO_WritePin(GPIOE,GPIO_PIN_11,0);
../Src/main.c(171): warning:  #188-D: enumerated type mixed with another type
  				  HAL_GPIO_WritePin(GPIOE,GPIO_PIN_15,0);
../Src/main.c(174): warning:  #188-D: enumerated type mixed with another type
  			       HAL_GPIO_WritePin(GPIOE,GPIO_PIN_10,10);
../Src/main.c(175): warning:  #188-D: enumerated type mixed with another type
  						 HAL_GPIO_WritePin(GPIOE,GPIO_PIN_14,1);
../Src/main.c(177): warning:  #188-D: enumerated type mixed with another type
  			       HAL_GPIO_WritePin(GPIOE,GPIO_PIN_8,12);
../Src/main.c(178): warning:  #188-D: enumerated type mixed with another type
  						 HAL_GPIO_WritePin(GPIOE,GPIO_PIN_12,1);
../Src/main.c(181): warning:  #188-D: enumerated type mixed with another type
  			 HAL_GPIO_WritePin(GPIOE,GPIO_PIN_8,1);
../Src/main.c(182): warning:  #188-D: enumerated type mixed with another type
  				  HAL_GPIO_WritePin(GPIOE,GPIO_PIN_12,1);
../Src/main.c: 26 warnings, 0 errors
linking...
Program Size: Code=5416 RO-data=472 RW-data=8 ZI-data=2136  
"lll\lll.axf" - 0 Error(s), 26 Warning(s).

<h2>Software Packages used:</h2>

Package Vendor: ARM
                http://www.keil.com/pack/ARM.CMSIS.5.7.0.pack
                ARM.CMSIS.5.7.0
                CMSIS (Cortex Microcontroller Software Interface Standard)
   * Component: CORE Version: 5.4.0

Package Vendor: Keil
                http://www.keil.com/pack/Keil.STM32F3xx_DFP.2.1.0.pack
                Keil.STM32F3xx_DFP.2.1.0
                STMicroelectronics STM32F3 Series Device Support and Examples

<h2>Collection of Component include folders:</h2>
  .\RTE\_lll
  C:\Users\hamed-PC\AppData\Local\Arm\Packs\ARM\CMSIS\5.7.0\CMSIS\Core\Include
  C:\Users\hamed-PC\AppData\Local\Arm\Packs\Keil\STM32F3xx_DFP\2.1.0\Drivers\CMSIS\Device\ST\STM32F3xx\Include

<h2>Collection of Component Files used:</h2>

   * Component: ARM::CMSIS:CORE:5.4.0
Build Time Elapsed:  00:00:02
</pre>
</body>
</html>
